Component: ARM Compiler 5.06 update 4 (build 422) Tool: armlink [4d35d2]

==============================================================================

Section Cross References

    stm32f4xx_ll_utils.o(i.LL_PLL_ConfigSystemClock_HSE) refers to stm32f4xx_ll_utils.o(i.UTILS_PLL_IsBusy) for UTILS_PLL_IsBusy
    stm32f4xx_ll_utils.o(i.LL_PLL_ConfigSystemClock_HSE) refers to stm32f4xx_ll_utils.o(i.UTILS_GetPLLOutputFrequency) for UTILS_GetPLLOutputFrequency
    stm32f4xx_ll_utils.o(i.LL_PLL_ConfigSystemClock_HSE) refers to stm32f4xx_ll_utils.o(i.LL_RCC_HSE_IsReady) for LL_RCC_HSE_IsReady
    stm32f4xx_ll_utils.o(i.LL_PLL_ConfigSystemClock_HSE) refers to stm32f4xx_ll_utils.o(i.LL_RCC_PLL_ConfigDomain_SYS) for LL_RCC_PLL_ConfigDomain_SYS
    stm32f4xx_ll_utils.o(i.LL_PLL_ConfigSystemClock_HSE) refers to stm32f4xx_ll_utils.o(i.UTILS_EnablePLLAndSwitchSystem) for UTILS_EnablePLLAndSwitchSystem
    stm32f4xx_ll_utils.o(i.LL_PLL_ConfigSystemClock_HSI) refers to stm32f4xx_ll_utils.o(i.UTILS_PLL_IsBusy) for UTILS_PLL_IsBusy
    stm32f4xx_ll_utils.o(i.LL_PLL_ConfigSystemClock_HSI) refers to stm32f4xx_ll_utils.o(i.UTILS_GetPLLOutputFrequency) for UTILS_GetPLLOutputFrequency
    stm32f4xx_ll_utils.o(i.LL_PLL_ConfigSystemClock_HSI) refers to stm32f4xx_ll_utils.o(i.LL_RCC_HSI_IsReady) for LL_RCC_HSI_IsReady
    stm32f4xx_ll_utils.o(i.LL_PLL_ConfigSystemClock_HSI) refers to stm32f4xx_ll_utils.o(i.LL_RCC_PLL_ConfigDomain_SYS) for LL_RCC_PLL_ConfigDomain_SYS
    stm32f4xx_ll_utils.o(i.LL_PLL_ConfigSystemClock_HSI) refers to stm32f4xx_ll_utils.o(i.UTILS_EnablePLLAndSwitchSystem) for UTILS_EnablePLLAndSwitchSystem
    stm32f4xx_ll_utils.o(i.LL_SetSystemCoreClock) refers to system_stm32f4xx.o(.data) for SystemCoreClock
    stm32f4xx_ll_utils.o(i.UTILS_EnablePLLAndSwitchSystem) refers to stm32f4xx_ll_utils.o(i.UTILS_SetFlashLatency) for UTILS_SetFlashLatency
    stm32f4xx_ll_utils.o(i.UTILS_EnablePLLAndSwitchSystem) refers to stm32f4xx_ll_utils.o(i.LL_RCC_PLL_IsReady) for LL_RCC_PLL_IsReady
    stm32f4xx_ll_utils.o(i.UTILS_EnablePLLAndSwitchSystem) refers to stm32f4xx_ll_utils.o(i.LL_SetSystemCoreClock) for LL_SetSystemCoreClock
    stm32f4xx_ll_utils.o(i.UTILS_EnablePLLAndSwitchSystem) refers to system_stm32f4xx.o(.constdata) for AHBPrescTable
    stm32f4xx_ll_utils.o(i.UTILS_EnablePLLAndSwitchSystem) refers to system_stm32f4xx.o(.data) for SystemCoreClock
    stm32f4xx_ll_utils.o(i.UTILS_PLL_IsBusy) refers to stm32f4xx_ll_utils.o(i.LL_RCC_PLL_IsReady) for LL_RCC_PLL_IsReady
    system_stm32f4xx.o(i.SystemCoreClockUpdate) refers to system_stm32f4xx.o(.data) for SystemCoreClock
    system_stm32f4xx.o(i.SystemCoreClockUpdate) refers to system_stm32f4xx.o(.constdata) for AHBPrescTable
    startup_stm32f401xe.o(STACK) refers (Special) to heapauxi.o(.text) for __use_two_region_memory
    startup_stm32f401xe.o(HEAP) refers (Special) to heapauxi.o(.text) for __use_two_region_memory
    startup_stm32f401xe.o(RESET) refers (Special) to heapauxi.o(.text) for __use_two_region_memory
    startup_stm32f401xe.o(RESET) refers to startup_stm32f401xe.o(STACK) for __initial_sp
    startup_stm32f401xe.o(RESET) refers to startup_stm32f401xe.o(.text) for Reset_Handler
    startup_stm32f401xe.o(RESET) refers to stm32f4xx_it.o(i.NMI_Handler) for NMI_Handler
    startup_stm32f401xe.o(RESET) refers to stm32f4xx_it.o(i.HardFault_Handler) for HardFault_Handler
    startup_stm32f401xe.o(RESET) refers to stm32f4xx_it.o(i.MemManage_Handler) for MemManage_Handler
    startup_stm32f401xe.o(RESET) refers to stm32f4xx_it.o(i.BusFault_Handler) for BusFault_Handler
    startup_stm32f401xe.o(RESET) refers to stm32f4xx_it.o(i.UsageFault_Handler) for UsageFault_Handler
    startup_stm32f401xe.o(RESET) refers to stm32f4xx_it.o(i.SVC_Handler) for SVC_Handler
    startup_stm32f401xe.o(RESET) refers to stm32f4xx_it.o(i.DebugMon_Handler) for DebugMon_Handler
    startup_stm32f401xe.o(RESET) refers to stm32f4xx_it.o(i.PendSV_Handler) for PendSV_Handler
    startup_stm32f401xe.o(RESET) refers to stm32f4xx_it.o(i.SysTick_Handler) for SysTick_Handler
    startup_stm32f401xe.o(RESET) refers to main.o(i.TIM2_IRQHandler) for TIM2_IRQHandler
    startup_stm32f401xe.o(RESET) refers to main.o(i.TIM3_IRQHandler) for TIM3_IRQHandler
    startup_stm32f401xe.o(RESET) refers to main.o(i.USART1_IRQHandler) for USART1_IRQHandler
    startup_stm32f401xe.o(RESET) refers to main.o(i.USART2_IRQHandler) for USART2_IRQHandler
    startup_stm32f401xe.o(RESET) refers to main.o(i.USART6_IRQHandler) for USART6_IRQHandler
    startup_stm32f401xe.o(.text) refers (Special) to heapauxi.o(.text) for __use_two_region_memory
    startup_stm32f401xe.o(.text) refers to system_stm32f4xx.o(i.SystemInit) for SystemInit
    startup_stm32f401xe.o(.text) refers to __main.o(!!!main) for __main
    startup_stm32f401xe.o(.text) refers to startup_stm32f401xe.o(HEAP) for Heap_Mem
    startup_stm32f401xe.o(.text) refers to startup_stm32f401xe.o(STACK) for Stack_Mem
[...]
    main.o(i.Left_Motor_Duty_Cycle) refers to main.o(i.LL_TIM_OC_SetCompareCH1) for LL_TIM_OC_SetCompareCH1
    main.o(i.Motor_Direction_bits) refers to main.o(i.LL_AHB1_GRP1_EnableClock) for LL_AHB1_GRP1_EnableClock
    main.o(i.Motor_Direction_bits) refers to main.o(i.LL_GPIO_SetPinMode) for LL_GPIO_SetPinMode
    main.o(i.Motor_Direction_bits) refers to main.o(i.LL_GPIO_SetPinOutputType) for LL_GPIO_SetPinOutputType
    main.o(i.Motor_Direction_bits) refers to main.o(i.LL_GPIO_SetPinSpeed) for LL_GPIO_SetPinSpeed
    main.o(i.Motor_Direction_bits) refers to main.o(i.LL_GPIO_SetPinPull) for LL_GPIO_SetPinPull
    main.o(i.Motor_Disable) refers to main.o(i.LL_GPIO_ResetOutputPin) for LL_GPIO_ResetOutputPin
    main.o(i.Motor_Enable) refers to main.o(i.LL_GPIO_SetOutputPin) for LL_GPIO_SetOutputPin
    main.o(i.Motor_Enable_Disable) refers to main.o(i.LL_AHB1_GRP1_EnableClock) for LL_AHB1_GRP1_EnableClock
    main.o(i.Motor_Enable_Disable) refers to main.o(i.LL_GPIO_SetPinMode) for LL_GPIO_SetPinMode
    main.o(i.Motor_Enable_Disable) refers to main.o(i.LL_GPIO_SetPinOutputType) for LL_GPIO_SetPinOutputType
    main.o(i.Motor_Enable_Disable) refers to main.o(i.LL_GPIO_SetPinSpeed) for LL_GPIO_SetPinSpeed
    main.o(i.Motor_Enable_Disable) refers to main.o(i.LL_GPIO_SetPinPull) for LL_GPIO_SetPinPull
    main.o(i.RGB_LED_Init) refers to main.o(i.LL_AHB1_GRP1_EnableClock) for LL_AHB1_GRP1_EnableClock
    main.o(i.RGB_LED_Init) refers to main.o(i.LL_GPIO_SetPinMode) for LL_GPIO_SetPinMode
    main.o(i.RGB_LED_Init) refers to main.o(i.LL_GPIO_SetPinOutputType) for LL_GPIO_SetPinOutputType
    main.o(i.RGB_LED_Init) refers to main.o(i.LL_GPIO_SetPinSpeed) for LL_GPIO_SetPinSpeed
    main.o(i.RGB_LED_Init) refers to main.o(i.LL_GPIO_SetPinPull) for LL_GPIO_SetPinPull
    main.o(i.Red_LED_On) refers to main.o(i.LL_GPIO_ResetOutputPin) for LL_GPIO_ResetOutputPin
    main.o(i.Red_LED_On) refers to main.o(i.LL_GPIO_SetOutputPin) for LL_GPIO_SetOutputPin
    main.o(i.Right_Motor_Duty_Cycle) refers to main.o(i.LL_GPIO_SetOutputPin) for LL_GPIO_SetOutputPin
    main.o(i.Right_Motor_Duty_Cycle) refers to main.o(i.LL_GPIO_ResetOutputPin) for LL_GPIO_ResetOutputPin
    main.o(i.Right_Motor_Duty_Cycle) refers to main.o(i.LL_TIM_GetAutoReload) for LL_TIM_GetAutoReload
    main.o(i.Right_Motor_Duty_Cycle) refers to main.o(i.LL_TIM_OC_SetCompareCH4) for LL_TIM_OC_SetCompareCH4
    main.o(i.Right_Speed_Decrement) refers to main.o(.data) for Right_Speed
    main.o(i.Right_Speed_Increment) refers to main.o(.data) for Right_Speed
    main.o(i.SystemClock_Config) refers to main.o(i.__NVIC_SetPriority) for __NVIC_SetPriority
    main.o(i.SystemClock_Config) refers to system_stm32f4xx.o(.data) for SystemCoreClock
    main.o(i.TIM2_IRQHandler) refers to main.o(i.LL_TIM_GetAutoReload) for LL_TIM_GetAutoReload
    main.o(i.TIM2_IRQHandler) refers to main.o(.data) for uwMeasuredDutyCycle
    main.o(i.TIM3_IRQHandler) refers to main.o(i.LL_TIM_GetAutoReload) for LL_TIM_GetAutoReload
    main.o(i.TIM3_IRQHandler) refers to main.o(.data) for uwMeasuredDutyCycle
    main.o(i.USART1_IRQHandler) refers to main.o(i.LL_USART_IsActiveFlag_RXNE) for LL_USART_IsActiveFlag_RXNE
    main.o(i.USART1_IRQHandler) refers to main.o(i.LL_USART_IsEnabledIT_RXNE) for LL_USART_IsEnabledIT_RXNE
    main.o(i.USART1_IRQHandler) refers to f2d.o(x$fpl$f2d) for __aeabi_f2d
    main.o(i.USART1_IRQHandler) refers to dflt_clz.o(x$fpl$dflt) for __aeabi_i2d
    main.o(i.USART1_IRQHandler) refers to dmul.o(x$fpl$dmul) for __aeabi_dmul
    main.o(i.USART1_IRQHandler) refers to ddiv.o(x$fpl$ddiv) for __aeabi_ddiv
    main.o(i.USART1_IRQHandler) refers to dfix.o(x$fpl$dfix) for __aeabi_d2iz
    main.o(i.USART1_IRQHandler) refers to main.o(i.LL_USART_TransmitData8) for LL_USART_TransmitData8
    main.o(i.USART1_IRQHandler) refers to stm32f4xx_ll_utils.o(i.LL_mDelay) for LL_mDelay
    main.o(i.USART1_IRQHandler) refers to main.o(i.Green_LED_On) for Green_LED_On
    main.o(i.USART1_IRQHandler) refers to main.o(.data) for flag_right_byte
    main.o(i.USART2_IRQHandler) refers to main.o(i.LL_USART_IsActiveFlag_RXNE) for LL_USART_IsActiveFlag_RXNE
    main.o(i.USART2_IRQHandler) refers to main.o(i.LL_USART_IsEnabledIT_RXNE) for LL_USART_IsEnabledIT_RXNE
    main.o(i.USART2_IRQHandler) refers to main.o(i.LL_USART_TransmitData8) for LL_USART_TransmitData8
    main.o(i.USART6_IRQHandler) refers to main.o(i.LL_USART_IsActiveFlag_RXNE) for LL_USART_IsActiveFlag_RXNE
    main.o(i.USART6_IRQHandler) refers to main.o(i.LL_USART_IsEnabledIT_RXNE) for LL_USART_IsEnabledIT_RXNE
    main.o(i.USART6_IRQHandler) refers to main.o(i.Green_LED_On) for Green_LED_On
    main.o(i.USART6_IRQHandler) refers to main.o(i.Motor_Enable) for Motor_Enable
    main.o(i.USART6_IRQHandler) refers to main.o(i.Motor_Disable) for Motor_Disable
    main.o(i.USART6_IRQHandler) refers to main.o(i.Right_Speed_Increment) for Right_Speed_Increment
    main.o(i.USART6_IRQHandler) refers to main.o(i.Right_Speed_Decrement) for Right_Speed_Decrement
    main.o(i.USART6_IRQHandler) refers to main.o(.bss) for uart6_buffer
    main.o(i.USART6_IRQHandler) refers to main.o(.data) for uart6_buffer_counter
    main.o(i.UserButton_Callback) refers to main.o(i.Left_Motor_Duty_Cycle) for Left_Motor_Duty_Cycle
    main.o(i.UserButton_Callback) refers to main.o(.data) for iDutyCycle
    main.o(i.UserButton_Init) refers to main.o(i.LL_AHB1_GRP1_EnableClock) for LL_AHB1_GRP1_EnableClock
    main.o(i.UserButton_Init) refers to main.o(i.LL_GPIO_SetPinMode) for LL_GPIO_SetPinMode
    main.o(i.UserButton_Init) refers to main.o(i.LL_GPIO_SetPinPull) for LL_GPIO_SetPinPull
    main.o(i.UserButton_Init) refers to main.o(i.LL_APB2_GRP1_EnableClock) for LL_APB2_GRP1_EnableClock
    main.o(i.UserButton_Init) refers to main.o(i.__NVIC_EnableIRQ) for __NVIC_EnableIRQ
    main.o(i.UserButton_Init) refers to main.o(i.__NVIC_SetPriority) for __NVIC_SetPriority
    main.o(i.main) refers to main.o(i.SystemClock_Config) for SystemClock_Config
    main.o(i.main) refers to main.o(i.Configure_USART6) for Configure_USART6
    main.o(i.main) refers to main.o(i.Configure_USART2) for Configure_USART2
    main.o(i.main) refers to main.o(i.Configure_USART1) for Configure_USART1
    main.o(i.main) refers to main.o(i.Configure_PB2) for Configure_PB2
    main.o(i.main) refers to main.o(i.UserButton_Init) for UserButton_Init
    main.o(i.main) refers to main.o(i.LED_Init) for LED_Init
    main.o(i.main) refers to main.o(i.Configure_Timer2) for Configure_Timer2
    main.o(i.main) refers to main.o(i.Configure_Timer4) for Configure_Timer4
    main.o(i.main) refers to main.o(i.Motor_Direction_bits) for Motor_Direction_bits
    main.o(i.main) refers to main.o(i.Motor_Enable_Disable) for Motor_Enable_Disable
    main.o(i.main) refers to main.o(i.Motor_Enable) for Motor_Enable
    main.o(i.main) refers to main.o(i.Left_Motor_Duty_Cycle) for Left_Motor_Duty_Cycle
    main.o(i.main) refers to main.o(i.Right_Motor_Duty_Cycle) for Right_Motor_Duty_Cycle
    main.o(i.main) refers to main.o(.data) for Left_Direction
    __main.o(!!!main) refers to __rtentry.o(.ARM.Collect$$rtentry$$00000000) for __rt_entry
    ddiv.o(x$fpl$drdiv) refers (Special) to usenofp.o(x$fpl$usenofp) for __I$use$fp
    ddiv.o(x$fpl$drdiv) refers to ddiv.o(x$fpl$ddiv) for ddiv_entry
    ddiv.o(x$fpl$ddiv) refers (Special) to usenofp.o(x$fpl$usenofp) for __I$use$fp
    ddiv.o(x$fpl$ddiv) refers to dretinf.o(x$fpl$dretinf) for __fpl_dretinf
    ddiv.o(x$fpl$ddiv) refers to dnaninf.o(x$fpl$dnaninf) for __fpl_dnaninf
    dfix.o(x$fpl$dfix) refers (Special) to usenofp.o(x$fpl$usenofp) for __I$use$fp
    dfix.o(x$fpl$dfix) refers to dnaninf.o(x$fpl$dnaninf) for __fpl_dnaninf
    dfix.o(x$fpl$dfixr) refers (Special) to usenofp.o(x$fpl$usenofp) for __I$use$fp
    dfix.o(x$fpl$dfixr) refers to dnaninf.o(x$fpl$dnaninf) for __fpl_dnaninf
    dflt_clz.o(x$fpl$dfltu) refers (Special) to usenofp.o(x$fpl$usenofp) for __I$use$fp
    dflt_clz.o(x$fpl$dflt) refers (Special) to usenofp.o(x$fpl$usenofp) for __I$use$fp
    dflt_clz.o(x$fpl$dfltn) refers (Special) to usenofp.o(x$fpl$usenofp) for __I$use$fp
    dmul.o(x$fpl$dmul) refers (Special) to usenofp.o(x$fpl$usenofp) for __I$use$fp
    dmul.o(x$fpl$dmul) refers to dretinf.o(x$fpl$dretinf) for __fpl_dretinf
    dmul.o(x$fpl$dmul) refers to dnaninf.o(x$fpl$dnaninf) for __fpl_dnaninf
    f2d.o(x$fpl$f2d) refers (Special) to usenofp.o(x$fpl$usenofp) for __I$use$fp
    f2d.o(x$fpl$f2d) refers to fnaninf.o(x$fpl$fnaninf) for __fpl_fnaninf
    f2d.o(x$fpl$f2d) refers to dretinf.o(x$fpl$dretinf) for __fpl_dretinf
    __rtentry.o(.ARM.Collect$$rtentry$$00000000) refers (Special) to __rtentry2.o(.ARM.Collect$$rtentry$$0000000A) for __rt_entry_li
    __rtentry.o(.ARM.Collect$$rtentry$$00000000) refers (Special) to __rtentry2.o(.ARM.Collect$$rtentry$$0000000D) for __rt_entry_main
    __rtentry.o(.ARM.Collect$$rtentry$$00000000) refers (Special) to __rtentry2.o(.ARM.Collect$$rtentry$$0000000C) for __rt_entry_postli_1
    __rtentry.o(.ARM.Collect$$rtentry$$00000000) refers (Special) to __rtentry2.o(.ARM.Collect$$rtentry$$00000009) for __rt_entry_postsh_1
    __rtentry.o(.ARM.Collect$$rtentry$$00000000) refers (Special) to __rtentry2.o(.ARM.Collect$$rtentry$$00000002) for __rt_entry_presh_1
    __rtentry.o(.ARM.Collect$$rtentry$$00000000) refers (Special) to __rtentry4.o(.ARM.Collect$$rtentry$$00000004) for __rt_entry_sh
    dnaninf.o(x$fpl$dnaninf) refers (Special) to usenofp.o(x$fpl$usenofp) for __I$use$fp
    dretinf.o(x$fpl$dretinf) refers (Special) to usenofp.o(x$fpl$usenofp) for __I$use$fp
    fnaninf.o(x$fpl$fnaninf) refers (Special) to usenofp.o(x$fpl$usenofp) for __I$use$fp
    __rtentry2.o(.ARM.Collect$$rtentry$$00000008) refers to boardinit2.o(.text) for _platform_post_stackheap_init
    __rtentry2.o(.ARM.Collect$$rtentry$$0000000A) refers to libinit.o(.ARM.Collect$$libinit$$00000000) for __rt_lib_init
    __rtentry2.o(.ARM.Collect$$rtentry$$0000000B) refers to boardinit3.o(.text) for _platform_post_lib_init
    __rtentry2.o(.ARM.Collect$$rtentry$$0000000D) refers to main.o(i.main) for main
    __rtentry2.o(.ARM.Collect$$rtentry$$0000000D) refers to exit.o(.text) for exit
    __rtentry2.o(.ARM.exidx) refers to __rtentry2.o(.ARM.Collect$$rtentry$$00000001) for .ARM.Collect$$rtentry$$00000001
    __rtentry2.o(.ARM.exidx) refers to __rtentry2.o(.ARM.Collect$$rtentry$$00000008) for .ARM.Collect$$rtentry$$00000008
    __rtentry2.o(.ARM.exidx) refers to __rtentry2.o(.ARM.Collect$$rtentry$$0000000A) for .ARM.Collect$$rtentry$$0000000A
    __rtentry2.o(.ARM.exidx) refers to __rtentry2.o(.ARM.Collect$$rtentry$$0000000B) for .ARM.Collect$$rtentry$$0000000B
    __rtentry2.o(.ARM.exidx) refers to __rtentry2.o(.ARM.Collect$$rtentry$$0000000D) for .ARM.Collect$$rtentry$$0000000D
    __rtentry4.o(.ARM.Collect$$rtentry$$00000004) refers to sys_stackheap_outer.o(.text) for __user_setup_stackheap
    __rtentry4.o(.ARM.exidx) refers to __rtentry4.o(.ARM.Collect$$rtentry$$00000004) for .ARM.Collect$$rtentry$$00000004
    sys_stackheap_outer.o(.text) refers to libspace.o(.text) for __user_perproc_libspace
    sys_stackheap_outer.o(.text) refers to startup_stm32f401xe.o(.text) for __user_initial_stackheap
    exit.o(.text) refers to rtexit.o(.ARM.Collect$$rtexit$$00000000) for __rt_exit
    libinit.o(.ARM.Collect$$libinit$$00000000) refers (Special) to libinit2.o(.ARM.Collect$$libinit$$0000002E) for __rt_lib_init_alloca_1
    libinit.o(.ARM.Collect$$libinit$$00000000) refers (Special) to libinit2.o(.ARM.Collect$$libinit$$0000002C) for __rt_lib_init_argv_1
    libinit.o(.ARM.Collect$$libinit$$00000000) refers (Special) to libinit2.o(.ARM.Collect$$libinit$$0000001B) for __rt_lib_init_atexit_1
    libinit.o(.ARM.Collect$$libinit$$00000000) refers (Special) to libinit2.o(.ARM.Collect$$libinit$$00000021) for __rt_lib_init_clock_1
    libinit.o(.ARM.Collect$$libinit$$00000000) refers (Special) to libinit2.o(.ARM.Collect$$libinit$$00000032) for __rt_lib_init_cpp_1
    libinit.o(.ARM.Collect$$libinit$$00000000) refers (Special) to libinit2.o(.ARM.Collect$$libinit$$00000030) for __rt_lib_init_exceptions_1
    libinit.o(.ARM.Collect$$libinit$$00000000) refers (Special) to libinit2.o(.ARM.Collect$$libinit$$00000001) for __rt_lib_init_fp_1
    libinit.o(.ARM.Collect$$libinit$$00000000) refers (Special) to libinit2.o(.ARM.Collect$$libinit$$0000001F) for __rt_lib_init_fp_trap_1
    libinit.o(.ARM.Collect$$libinit$$00000000) refers (Special) to libinit2.o(.ARM.Collect$$libinit$$00000023) for __rt_lib_init_getenv_1
    libinit.o(.ARM.Collect$$libinit$$00000000) refers (Special) to libinit2.o(.ARM.Collect$$libinit$$0000000A) for __rt_lib_init_heap_1
    libinit.o(.ARM.Collect$$libinit$$00000000) refers (Special) to libinit2.o(.ARM.Collect$$libinit$$00000011) for __rt_lib_init_lc_collate_1
    libinit.o(.ARM.Collect$$libinit$$00000000) refers (Special) to libinit2.o(.ARM.Collect$$libinit$$00000013) for __rt_lib_init_lc_ctype_1
    libinit.o(.ARM.Collect$$libinit$$00000000) refers (Special) to libinit2.o(.ARM.Collect$$libinit$$00000015) for __rt_lib_init_lc_monetary_1
    libinit.o(.ARM.Collect$$libinit$$00000000) refers (Special) to libinit2.o(.ARM.Collect$$libinit$$00000017) for __rt_lib_init_lc_numeric_1
    libinit.o(.ARM.Collect$$libinit$$00000000) refers (Special) to libinit2.o(.ARM.Collect$$libinit$$00000019) for __rt_lib_init_lc_time_1
    libinit.o(.ARM.Collect$$libinit$$00000000) refers (Special) to libinit2.o(.ARM.Collect$$libinit$$00000004) for __rt_lib_init_preinit_1
    libinit.o(.ARM.Collect$$libinit$$00000000) refers (Special) to libinit2.o(.ARM.Collect$$libinit$$0000000E) for __rt_lib_init_rand_1
    libinit.o(.ARM.Collect$$libinit$$00000000) refers (Special) to libinit2.o(.ARM.Collect$$libinit$$00000033) for __rt_lib_init_return
    libinit.o(.ARM.Collect$$libinit$$00000000) refers (Special) to libinit2.o(.ARM.Collect$$libinit$$0000001D) for __rt_lib_init_signal_1
    libinit.o(.ARM.Collect$$libinit$$00000000) refers (Special) to libinit2.o(.ARM.Collect$$libinit$$00000025) for __rt_lib_init_stdio_1
    libinit.o(.ARM.Collect$$libinit$$00000000) refers (Special) to libinit2.o(.ARM.Collect$$libinit$$0000000C) for __rt_lib_init_user_alloc_1
    libspace.o(.text) refers to libspace.o(.bss) for __libspace_start
    rtexit.o(.ARM.Collect$$rtexit$$00000000) refers (Special) to rtexit2.o(.ARM.Collect$$rtexit$$00000004) for __rt_exit_exit
    rtexit.o(.ARM.Collect$$rtexit$$00000000) refers (Special) to rtexit2.o(.ARM.Collect$$rtexit$$00000003) for __rt_exit_ls
    rtexit.o(.ARM.Collect$$rtexit$$00000000) refers (Special) to rtexit2.o(.ARM.Collect$$rtexit$$00000002) for __rt_exit_prels_1
    rtexit.o(.ARM.exidx) refers (Special) to rtexit2.o(.ARM.Collect$$rtexit$$00000004) for __rt_exit_exit
    rtexit.o(.ARM.exidx) refers (Special) to rtexit2.o(.ARM.Collect$$rtexit$$00000003) for __rt_exit_ls
    rtexit.o(.ARM.exidx) refers (Special) to rtexit2.o(.ARM.Collect$$rtexit$$00000002) for __rt_exit_prels_1
    rtexit.o(.ARM.exidx) refers to rtexit.o(.ARM.Collect$$rtexit$$00000000) for .ARM.Collect$$rtexit$$00000000
    libinit2.o(.ARM.Collect$$libinit$$00000001) refers to fpinit.o(x$fpl$fpinit) for _fp_init
    libinit2.o(.ARM.Collect$$libinit$$00000010) refers to libinit2.o(.ARM.Collect$$libinit$$0000000F) for .ARM.Collect$$libinit$$0000000F
    libinit2.o(.ARM.Collect$$libinit$$00000012) refers to libinit2.o(.ARM.Collect$$libinit$$0000000F) for .ARM.Collect$$libinit$$0000000F
    libinit2.o(.ARM.Collect$$libinit$$00000014) refers to libinit2.o(.ARM.Collect$$libinit$$0000000F) for .ARM.Collect$$libinit$$0000000F
    libinit2.o(.ARM.Collect$$libinit$$00000016) refers to libinit2.o(.ARM.Collect$$libinit$$0000000F) for .ARM.Collect$$libinit$$0000000F
    libinit2.o(.ARM.Collect$$libinit$$00000018) refers to libinit2.o(.ARM.Collect$$libinit$$0000000F) for .ARM.Collect$$libinit$$0000000F
    libinit2.o(.ARM.Collect$$libinit$$00000026) refers to argv_veneer.o(.emb_text) for __ARM_argv_veneer
    libinit2.o(.ARM.Collect$$libinit$$00000027) refers to argv_veneer.o(.emb_text) for __ARM_argv_veneer
    rtexit2.o(.ARM.Collect$$rtexit$$00000003) refers to libshutdown.o(.ARM.Collect$$libshutdown$$00000000) for __rt_lib_shutdown
    rtexit2.o(.ARM.Collect$$rtexit$$00000004) refers to sys_exit.o(.text) for _sys_exit
    rtexit2.o(.ARM.exidx) refers to rtexit2.o(.ARM.Collect$$rtexit$$00000001) for .ARM.Collect$$rtexit$$00000001
    rtexit2.o(.ARM.exidx) refers to rtexit2.o(.ARM.Collect$$rtexit$$00000003) for .ARM.Collect$$rtexit$$00000003
    rtexit2.o(.ARM.exidx) refers to rtexit2.o(.ARM.Collect$$rtexit$$00000004) for .ARM.Collect$$rtexit$$00000004
    argv_veneer.o(.emb_text) refers to no_argv.o(.text) for __ARM_get_argv
    sys_exit.o(.text) refers (Special) to use_no_semi.o(.text) for __I$use$semihosting
    sys_exit.o(.text) refers (Special) to indicate_semi.o(.text) for __semihosting_library_function
    _get_argv_nomalloc.o(.text) refers (Special) to hrguard.o(.text) for __heap_region$guard
    _get_argv_nomalloc.o(.text) refers to defsig_rtmem_outer.o(.text) for __rt_SIGRTMEM
    _get_argv_nomalloc.o(.text) refers to sys_command.o(.text) for _sys_command_string
    libshutdown.o(.ARM.Collect$$libshutdown$$00000000) refers (Special) to libshutdown2.o(.ARM.Collect$$libshutdown$$00000002) for __rt_lib_shutdown_cpp_1
    libshutdown.o(.ARM.Collect$$libshutdown$$00000000) refers (Special) to libshutdown2.o(.ARM.Collect$$libshutdown$$00000007) for __rt_lib_shutdown_fp_trap_1
    libshutdown.o(.ARM.Collect$$libshutdown$$00000000) refers (Special) to libshutdown2.o(.ARM.Collect$$libshutdown$$0000000F) for __rt_lib_shutdown_heap_1
    libshutdown.o(.ARM.Collect$$libshutdown$$00000000) refers (Special) to libshutdown2.o(.ARM.Collect$$libshutdown$$00000010) for __rt_lib_shutdown_return
    libshutdown.o(.ARM.Collect$$libshutdown$$00000000) refers (Special) to libshutdown2.o(.ARM.Collect$$libshutdown$$0000000A) for __rt_lib_shutdown_signal_1
    libshutdown.o(.ARM.Collect$$libshutdown$$00000000) refers (Special) to libshutdown2.o(.ARM.Collect$$libshutdown$$00000004) for __rt_lib_shutdown_stdio_1
    libshutdown.o(.ARM.Collect$$libshutdown$$00000000) refers (Special) to libshutdown2.o(.ARM.Collect$$libshutdown$$0000000C) for __rt_lib_shutdown_user_alloc_1
    sys_command.o(.text) refers (Special) to use_no_semi.o(.text) for __I$use$semihosting
    sys_command.o(.text) refers (Special) to indicate_semi.o(.text) for __semihosting_library_function
    defsig_rtmem_outer.o(.text) refers to defsig_rtmem_inner.o(.text) for __rt_SIGRTMEM_inner
    defsig_rtmem_outer.o(.text) refers to defsig_exit.o(.text) for __sig_exit
    defsig_rtmem_formal.o(.text) refers to rt_raise.o(.text) for __rt_raise
    rt_raise.o(.text) refers to __raise.o(.text) for __raise
    rt_raise.o(.text) refers to sys_exit.o(.text) for _sys_exit
    defsig_exit.o(.text) refers to sys_exit.o(.text) for _sys_exit
    defsig_rtmem_inner.o(.text) refers to defsig_general.o(.text) for __default_signal_display
    __raise.o(.text) refers to defsig.o(CL$$defsig) for __default_signal_handler
    defsig_general.o(.text) refers to sys_wrch.o(.text) for _ttywrch
    sys_wrch.o(.text) refers (Special) to use_no_semi.o(.text) for __I$use$semihosting
    sys_wrch.o(.text) refers (Special) to indicate_semi.o(.text) for __semihosting_library_function
    defsig.o(CL$$defsig) refers to defsig_rtmem_inner.o(.text) for __rt_SIGRTMEM_inner
    defsig_abrt_inner.o(.text) refers to defsig_general.o(.text) for __default_signal_display
    defsig_fpe_inner.o(.text) refers to defsig_general.o(.text) for __default_signal_display
    defsig_rtred_inner.o(.text) refers to defsig_general.o(.text) for __default_signal_display
    defsig_stak_inner.o(.text) refers to defsig_general.o(.text) for __default_signal_display
    defsig_pvfn_inner.o(.text) refers to defsig_general.o(.text) for __default_signal_display
    defsig_cppl_inner.o(.text) refers to defsig_general.o(.text) for __default_signal_display
    defsig_segv_inner.o(.text) refers to defsig_general.o(.text) for __default_signal_display
    defsig_other.o(.text) refers to defsig_general.o(.text) for __default_signal_display


==============================================================================

Removing Unused input sections from the image.

    Removing stm32f4xx_it.o(.rev16_text), (4 bytes).
    Removing stm32f4xx_it.o(.revsh_text), (4 bytes).
    Removing stm32f4xx_it.o(.rrx_text), (6 bytes).
    Removing stm32f4xx_it.o(.constdata), (43 bytes).
    Removing stm32f4xx_ll_utils.o(.rev16_text), (4 bytes).
    Removing stm32f4xx_ll_utils.o(.revsh_text), (4 bytes).
    Removing stm32f4xx_ll_utils.o(.rrx_text), (6 bytes).
    Removing stm32f4xx_ll_utils.o(i.LL_Init1msTick), (28 bytes).
    Removing stm32f4xx_ll_utils.o(i.LL_PLL_ConfigSystemClock_HSE), (152 bytes).
    Removing stm32f4xx_ll_utils.o(i.LL_PLL_ConfigSystemClock_HSI), (104 bytes).
    Removing stm32f4xx_ll_utils.o(i.LL_RCC_HSE_IsReady), (16 bytes).
    Removing stm32f4xx_ll_utils.o(i.LL_RCC_HSI_IsReady), (16 bytes).
    Removing stm32f4xx_ll_utils.o(i.LL_RCC_PLL_ConfigDomain_SYS), (48 bytes).
    Removing stm32f4xx_ll_utils.o(i.LL_RCC_PLL_IsReady), (16 bytes).
    Removing stm32f4xx_ll_utils.o(i.LL_SetSystemCoreClock), (12 bytes).
    Removing stm32f4xx_ll_utils.o(i.UTILS_EnablePLLAndSwitchSystem), (212 bytes).
    Removing stm32f4xx_ll_utils.o(i.UTILS_GetPLLOutputFrequency), (40 bytes).
    Removing stm32f4xx_ll_utils.o(i.UTILS_PLL_IsBusy), (36 bytes).
    Removing stm32f4xx_ll_utils.o(i.UTILS_SetFlashLatency), (148 bytes).
    Removing system_stm32f4xx.o(.rev16_text), (4 bytes).
    Removing system_stm32f4xx.o(.revsh_text), (4 bytes).
    Removing system_stm32f4xx.o(.rrx_text), (6 bytes).
    Removing system_stm32f4xx.o(i.SystemCoreClockUpdate), (192 bytes).
    Removing system_stm32f4xx.o(.constdata), (24 bytes).
    Removing main.o(.rev16_text), (4 bytes).
    Removing main.o(.revsh_text), (4 bytes).
    Removing main.o(.rrx_text), (6 bytes).
    Removing main.o(i.Blue_LED_On), (44 bytes).
    Removing main.o(i.RGB_LED_Init), (160 bytes).
    Removing main.o(i.Red_LED_On), (44 bytes).
    Removing main.o(i.UserButton_Callback), (48 bytes).

31 unused section(s) (total 1439 bytes) removed from the image.

==============================================================================

Image Symbol Table

    Local Symbols

    Symbol Name                              Value     Ov Type        Size  Object(Section)

    ../clib/angel/boardlib.s                 0x00000000   Number         0  boardinit3.o ABSOLUTE
    ../clib/angel/boardlib.s                 0x00000000   Number         0  boardinit1.o ABSOLUTE
    ../clib/angel/boardlib.s                 0x00000000   Number         0  boardshut.o ABSOLUTE
    ../clib/angel/boardlib.s                 0x00000000   Number         0  boardinit2.o ABSOLUTE
    ../clib/angel/handlers.s                 0x00000000   Number         0  __scatter_zi.o ABSOLUTE
    ../clib/angel/handlers.s                 0x00000000   Number         0  __scatter_copy.o ABSOLUTE
    ../clib/angel/kernel.s                   0x00000000   Number         0  __rtentry2.o ABSOLUTE
    ../clib/angel/kernel.s                   0x00000000   Number         0  __rtentry.o ABSOLUTE
    ../clib/angel/kernel.s                   0x00000000   Number         0  __rtentry4.o ABSOLUTE
    ../clib/angel/kernel.s                   0x00000000   Number         0  rtexit2.o ABSOLUTE
    ../clib/angel/kernel.s                   0x00000000   Number         0  rtexit.o ABSOLUTE
    ../clib/angel/rt.s                       0x00000000   Number         0  rt_raise.o ABSOLUTE
    ../clib/angel/scatter.s                  0x00000000   Number         0  __scatter.o ABSOLUTE
    ../clib/angel/startup.s                  0x00000000   Number         0  __main.o ABSOLUTE
    ../clib/angel/sys.s                      0x00000000   Number         0  libspace.o ABSOLUTE
    ../clib/angel/sys.s                      0x00000000   Number         0  sys_stackheap_outer.o ABSOLUTE
    ../clib/angel/sys.s                      0x00000000   Number         0  use_no_semi.o ABSOLUTE
    ../clib/angel/sys.s                      0x00000000   Number         0  indicate_semi.o ABSOLUTE
    ../clib/angel/sysapp.c                   0x00000000   Number         0  sys_exit.o ABSOLUTE
    ../clib/angel/sysapp.c                   0x00000000   Number         0  sys_command.o ABSOLUTE
    ../clib/angel/sysapp.c                   0x00000000   Number         0  sys_wrch.o ABSOLUTE
    ../clib/armsys.c                         0x00000000   Number         0  _get_argv_nomalloc.o ABSOLUTE
    ../clib/armsys.c                         0x00000000   Number         0  argv_veneer.o ABSOLUTE
    ../clib/armsys.c                         0x00000000   Number         0  argv_veneer.o ABSOLUTE
    ../clib/armsys.c                         0x00000000   Number         0  no_argv.o ABSOLUTE
    ../clib/heapalloc.c                      0x00000000   Number         0  hrguard.o ABSOLUTE
    ../clib/heapaux.c                        0x00000000   Number         0  heapauxi.o ABSOLUTE
    ../clib/libinit.s                        0x00000000   Number         0  libinit.o ABSOLUTE
    ../clib/libinit.s                        0x00000000   Number         0  libinit2.o ABSOLUTE
    ../clib/libinit.s                        0x00000000   Number         0  libshutdown2.o ABSOLUTE
    ../clib/libinit.s                        0x00000000   Number         0  libshutdown.o ABSOLUTE
    ../clib/signal.c                         0x00000000   Number         0  defsig_exit.o ABSOLUTE
    ../clib/signal.c                         0x00000000   Number         0  defsig_fpe_inner.o ABSOLUTE
    ../clib/signal.c                         0x00000000   Number         0  defsig_rtred_inner.o ABSOLUTE
    ../clib/signal.c                         0x00000000   Number         0  defsig_pvfn_inner.o ABSOLUTE
    ../clib/signal.c                         0x00000000   Number         0  defsig_abrt_inner.o ABSOLUTE
    ../clib/signal.c                         0x00000000   Number         0  defsig_cppl_inner.o ABSOLUTE
    ../clib/signal.c                         0x00000000   Number         0  defsig_segv_inner.o ABSOLUTE
    ../clib/signal.c                         0x00000000   Number         0  defsig_other.o ABSOLUTE
    ../clib/signal.c                         0x00000000   Number         0  defsig_stak_inner.o ABSOLUTE
    ../clib/signal.c                         0x00000000   Number         0  defsig_rtmem_formal.o ABSOLUTE
    ../clib/signal.c                         0x00000000   Number         0  defsig_rtmem_outer.o ABSOLUTE
    ../clib/signal.c                         0x00000000   Number         0  defsig_general.o ABSOLUTE
    ../clib/signal.c                         0x00000000   Number         0  __raise.o ABSOLUTE
    ../clib/signal.c                         0x00000000   Number         0  defsig_rtmem_inner.o ABSOLUTE
    ../clib/signal.s                         0x00000000   Number         0  defsig.o ABSOLUTE
    ../clib/stdlib.c                         0x00000000   Number         0  exit.o ABSOLUTE
    ../fplib/ddiv.s                          0x00000000   Number         0  ddiv.o ABSOLUTE
    ../fplib/dfix.s                          0x00000000   Number         0  dfix.o ABSOLUTE
    ../fplib/dflt.s                          0x00000000   Number         0  dflt_clz.o ABSOLUTE
    ../fplib/dmul.s                          0x00000000   Number         0  dmul.o ABSOLUTE
    ../fplib/dnaninf.s                       0x00000000   Number         0  dnaninf.o ABSOLUTE
    ../fplib/dretinf.s                       0x00000000   Number         0  dretinf.o ABSOLUTE
    ../fplib/f2d.s                           0x00000000   Number         0  f2d.o ABSOLUTE
    ../fplib/fnaninf.s                       0x00000000   Number         0  fnaninf.o ABSOLUTE
    ../fplib/fpinit.s                        0x00000000   Number         0  fpinit.o ABSOLUTE
    ../fplib/usenofp.s                       0x00000000   Number         0  usenofp.o ABSOLUTE
    Low_Layer_Library\\stm32f4xx_ll_utils.c  0x00000000   Number         0  stm32f4xx_ll_utils.o ABSOLUTE
    Low_Layer_Library\stm32f4xx_ll_utils.c   0x00000000   Number         0  stm32f4xx_ll_utils.o ABSOLUTE
    System_Files\\system_stm32f4xx.c         0x00000000   Number         0  system_stm32f4xx.o ABSOLUTE
    System_Files\startup_stm32f401xe.s       0x00000000   Number         0  startup_stm32f401xe.o ABSOLUTE
    System_Files\system_stm32f4xx.c          0x00000000   Number         0  system_stm32f4xx.o ABSOLUTE
    dc.s                                     0x00000000   Number         0  dc.o ABSOLUTE
    main.c                                   0x00000000   Number         0  main.o ABSOLUTE
    main.c                                   0x00000000   Number         0  main.o ABSOLUTE
    stm32f4xx_it.c                           0x00000000   Number         0  stm32f4xx_it.o ABSOLUTE
    stm32f4xx_it.c                           0x00000000   Number         0  stm32f4xx_it.o ABSOLUTE
    RESET                                    0x08000000   Section      404  startup_stm32f401xe.o(RESET)
    !!!main                                  0x08000194   Section        8  __main.o(!!!main)
    !!!scatter                               0x0800019c   Section       52  __scatter.o(!!!scatter)
    !!handler_copy                           0x080001d0   Section       26  __scatter_copy.o(!!handler_copy)
    !!handler_zi                             0x080001ec   Section       28  __scatter_zi.o(!!handler_zi)
    .ARM.Collect$$libinit$$00000000          0x08000208   Section        2  libinit.o(.ARM.Collect$$libinit$$00000000)
    .ARM.Collect$$libinit$$00000001          0x0800020a   Section        4  libinit2.o(.ARM.Collect$$libinit$$00000001)
    .ARM.Collect$$libinit$$00000004          0x0800020e   Section        0  libinit2.o(.ARM.Collect$$libinit$$00000004)
    .ARM.Collect$$libinit$$0000000A          0x0800020e   Section        0  libinit2.o(.ARM.Collect$$libinit$$0000000A)
    .ARM.Collect$$libinit$$0000000C          0x0800020e   Section        0  libinit2.o(.ARM.Collect$$libinit$$0000000C)
    .ARM.Collect$$libinit$$0000000E          0x0800020e   Section        0  libinit2.o(.ARM.Collect$$libinit$$0000000E)
    .ARM.Collect$$libinit$$00000011          0x0800020e   Section        0  libinit2.o(.ARM.Collect$$libinit$$00000011)
    .ARM.Collect$$libinit$$00000013          0x0800020e   Section        0  libinit2.o(.ARM.Collect$$libinit$$00000013)
    .ARM.Collect$$libinit$$00000015          0x0800020e   Section        0  libinit2.o(.ARM.Collect$$libinit$$00000015)
    .ARM.Collect$$libinit$$00000017          0x0800020e   Section        0  libinit2.o(.ARM.Collect$$libinit$$00000017)
    .ARM.Collect$$libinit$$00000019          0x0800020e   Section        0  libinit2.o(.ARM.Collect$$libinit$$00000019)
    .ARM.Collect$$libinit$$0000001B          0x0800020e   Section        0  libinit2.o(.ARM.Collect$$libinit$$0000001B)
    .ARM.Collect$$libinit$$0000001D          0x0800020e   Section        0  libinit2.o(.ARM.Collect$$libinit$$0000001D)
    .ARM.Collect$$libinit$$0000001F          0x0800020e   Section        0  libinit2.o(.ARM.Collect$$libinit$$0000001F)
    .ARM.Collect$$libinit$$00000021          0x0800020e   Section        0  libinit2.o(.ARM.Collect$$libinit$$00000021)
    .ARM.Collect$$libinit$$00000023          0x0800020e   Section        0  libinit2.o(.ARM.Collect$$libinit$$00000023)
    .ARM.Collect$$libinit$$00000025          0x0800020e   Section        0  libinit2.o(.ARM.Collect$$libinit$$00000025)
    .ARM.Collect$$libinit$$0000002C          0x0800020e   Section        0  libinit2.o(.ARM.Collect$$libinit$$0000002C)
    .ARM.Collect$$libinit$$0000002E          0x0800020e   Section        0  libinit2.o(.ARM.Collect$$libinit$$0000002E)
    .ARM.Collect$$libinit$$00000030          0x0800020e   Section        0  libinit2.o(.ARM.Collect$$libinit$$00000030)
    .ARM.Collect$$libinit$$00000032          0x0800020e   Section        0  libinit2.o(.ARM.Collect$$libinit$$00000032)
    .ARM.Collect$$libinit$$00000033          0x0800020e   Section        2  libinit2.o(.ARM.Collect$$libinit$$00000033)
    .ARM.Collect$$libshutdown$$00000000      0x08000210   Section        2  libshutdown.o(.ARM.Collect$$libshutdown$$00000000)
    .ARM.Collect$$libshutdown$$00000002      0x08000212   Section        0  libshutdown2.o(.ARM.Collect$$libshutdown$$00000002)
    .ARM.Collect$$libshutdown$$00000004      0x08000212   Section        0  libshutdown2.o(.ARM.Collect$$libshutdown$$00000004)
    .ARM.Collect$$libshutdown$$00000007      0x08000212   Section        0  libshutdown2.o(.ARM.Collect$$libshutdown$$00000007)
    .ARM.Collect$$libshutdown$$0000000A      0x08000212   Section        0  libshutdown2.o(.ARM.Collect$$libshutdown$$0000000A)
    .ARM.Collect$$libshutdown$$0000000C      0x08000212   Section        0  libshutdown2.o(.ARM.Collect$$libshutdown$$0000000C)
    .ARM.Collect$$libshutdown$$0000000F      0x08000212   Section        0  libshutdown2.o(.ARM.Collect$$libshutdown$$0000000F)
    .ARM.Collect$$libshutdown$$00000010      0x08000212   Section        2  libshutdown2.o(.ARM.Collect$$libshutdown$$00000010)
    .ARM.Collect$$rtentry$$00000000          0x08000214   Section        0  __rtentry.o(.ARM.Collect$$rtentry$$00000000)
    .ARM.Collect$$rtentry$$00000002          0x08000214   Section        0  __rtentry2.o(.ARM.Collect$$rtentry$$00000002)
    .ARM.Collect$$rtentry$$00000004          0x08000214   Section        6  __rtentry4.o(.ARM.Collect$$rtentry$$00000004)
    .ARM.Collect$$rtentry$$00000009          0x0800021a   Section        0  __rtentry2.o(.ARM.Collect$$rtentry$$00000009)
    .ARM.Collect$$rtentry$$0000000A          0x0800021a   Section        4  __rtentry2.o(.ARM.Collect$$rtentry$$0000000A)
    .ARM.Collect$$rtentry$$0000000C          0x0800021e   Section        0  __rtentry2.o(.ARM.Collect$$rtentry$$0000000C)
    .ARM.Collect$$rtentry$$0000000D          0x0800021e   Section        8  __rtentry2.o(.ARM.Collect$$rtentry$$0000000D)
    .ARM.Collect$$rtexit$$00000000           0x08000226   Section        2  rtexit.o(.ARM.Collect$$rtexit$$00000000)
    .ARM.Collect$$rtexit$$00000002           0x08000228   Section        0  rtexit2.o(.ARM.Collect$$rtexit$$00000002)
    .ARM.Collect$$rtexit$$00000003           0x08000228   Section        4  rtexit2.o(.ARM.Collect$$rtexit$$00000003)
    .ARM.Collect$$rtexit$$00000004           0x0800022c   Section        6  rtexit2.o(.ARM.Collect$$rtexit$$00000004)
    .text                                    0x08000234   Section       64  startup_stm32f401xe.o(.text)
    $v0                                      0x08000234   Number         0  startup_stm32f401xe.o(.text)
    .text                                    0x08000274   Section        0  heapauxi.o(.text)
    .text                                    0x0800027a   Section       74  sys_stackheap_outer.o(.text)
    .text                                    0x080002c4   Section        0  exit.o(.text)
    .text                                    0x080002d8   Section        8  libspace.o(.text)
    .text                                    0x080002e0   Section        0  sys_exit.o(.text)
    .text                                    0x080002ec   Section        2  use_no_semi.o(.text)
    .text                                    0x080002ee   Section        0  indicate_semi.o(.text)
    i.BusFault_Handler                       0x080002ee   Section        0  stm32f4xx_it.o(i.BusFault_Handler)
    i.Configure_PB2                          0x080002f4   Section        0  main.o(i.Configure_PB2)
    i.Configure_Timer2                       0x0800032c   Section        0  main.o(i.Configure_Timer2)
    i.Configure_Timer4                       0x0800045c   Section        0  main.o(i.Configure_Timer4)
    i.Configure_USART1                       0x0800057c   Section        0  main.o(i.Configure_USART1)
    i.Configure_USART2                       0x08000648   Section        0  main.o(i.Configure_USART2)
    i.Configure_USART6                       0x08000718   Section        0  main.o(i.Configure_USART6)
    i.DebugMon_Handler                       0x080007e8   Section        0  stm32f4xx_it.o(i.DebugMon_Handler)
    i.Green_LED_On                           0x080007ec   Section        0  main.o(i.Green_LED_On)
    i.HardFault_Handler                      0x08000818   Section        0  stm32f4xx_it.o(i.HardFault_Handler)
    i.LED_Init                               0x0800081c   Section        0  main.o(i.LED_Init)
    i.LL_AHB1_GRP1_EnableClock               0x08000834   Section        0  main.o(i.LL_AHB1_GRP1_EnableClock)
    LL_AHB1_GRP1_EnableClock                 0x08000835   Thumb Code    24  main.o(i.LL_AHB1_GRP1_EnableClock)
    i.LL_APB1_GRP1_EnableClock               0x08000850   Section        0  main.o(i.LL_APB1_GRP1_EnableClock)
    LL_APB1_GRP1_EnableClock                 0x08000851   Thumb Code    24  main.o(i.LL_APB1_GRP1_EnableClock)
    i.LL_APB2_GRP1_EnableClock               0x0800086c   Section        0  main.o(i.LL_APB2_GRP1_EnableClock)
    LL_APB2_GRP1_EnableClock                 0x0800086d   Thumb Code    24  main.o(i.LL_APB2_GRP1_EnableClock)
    i.LL_GPIO_ResetOutputPin                 0x08000888   Section        0  main.o(i.LL_GPIO_ResetOutputPin)
    LL_GPIO_ResetOutputPin                   0x08000889   Thumb Code     6  main.o(i.LL_GPIO_ResetOutputPin)
    i.LL_GPIO_SetAFPin_0_7                   0x0800088e   Section        0  main.o(i.LL_GPIO_SetAFPin_0_7)
    LL_GPIO_SetAFPin_0_7                     0x0800088f   Thumb Code    40  main.o(i.LL_GPIO_SetAFPin_0_7)
    i.LL_GPIO_SetAFPin_8_15                  0x080008b6   Section        0  main.o(i.LL_GPIO_SetAFPin_8_15)
    LL_GPIO_SetAFPin_8_15                    0x080008b7   Thumb Code    44  main.o(i.LL_GPIO_SetAFPin_8_15)
    i.LL_GPIO_SetOutputPin                   0x080008e2   Section        0  main.o(i.LL_GPIO_SetOutputPin)
    LL_GPIO_SetOutputPin                     0x080008e3   Thumb Code     4  main.o(i.LL_GPIO_SetOutputPin)
    i.LL_GPIO_SetPinMode                     0x080008e6   Section        0  main.o(i.LL_GPIO_SetPinMode)
    LL_GPIO_SetPinMode                       0x080008e7   Thumb Code    40  main.o(i.LL_GPIO_SetPinMode)
    i.LL_GPIO_SetPinOutputType               0x0800090e   Section        0  main.o(i.LL_GPIO_SetPinOutputType)
    LL_GPIO_SetPinOutputType                 0x0800090f   Thumb Code    16  main.o(i.LL_GPIO_SetPinOutputType)
    i.LL_GPIO_SetPinPull                     0x0800091e   Section        0  main.o(i.LL_GPIO_SetPinPull)
    LL_GPIO_SetPinPull                       0x0800091f   Thumb Code    40  main.o(i.LL_GPIO_SetPinPull)
    i.LL_GPIO_SetPinSpeed                    0x08000946   Section        0  main.o(i.LL_GPIO_SetPinSpeed)
    LL_GPIO_SetPinSpeed                      0x08000947   Thumb Code    40  main.o(i.LL_GPIO_SetPinSpeed)
    i.LL_TIM_CC_EnableChannel                0x0800096e   Section        0  main.o(i.LL_TIM_CC_EnableChannel)
    LL_TIM_CC_EnableChannel                  0x0800096f   Thumb Code     8  main.o(i.LL_TIM_CC_EnableChannel)
    i.LL_TIM_EnableARRPreload                0x08000976   Section        0  main.o(i.LL_TIM_EnableARRPreload)
    LL_TIM_EnableARRPreload                  0x08000977   Thumb Code    10  main.o(i.LL_TIM_EnableARRPreload)
    i.LL_TIM_EnableCounter                   0x08000980   Section        0  main.o(i.LL_TIM_EnableCounter)
    LL_TIM_EnableCounter                     0x08000981   Thumb Code    10  main.o(i.LL_TIM_EnableCounter)
    i.LL_TIM_GenerateEvent_UPDATE            0x0800098a   Section        0  main.o(i.LL_TIM_GenerateEvent_UPDATE)
    LL_TIM_GenerateEvent_UPDATE              0x0800098b   Thumb Code    10  main.o(i.LL_TIM_GenerateEvent_UPDATE)
    i.LL_TIM_GetAutoReload                   0x08000994   Section        0  main.o(i.LL_TIM_GetAutoReload)
    LL_TIM_GetAutoReload                     0x08000995   Thumb Code     6  main.o(i.LL_TIM_GetAutoReload)
    i.LL_TIM_GetPrescaler                    0x0800099a   Section        0  main.o(i.LL_TIM_GetPrescaler)
    LL_TIM_GetPrescaler                      0x0800099b   Thumb Code     6  main.o(i.LL_TIM_GetPrescaler)
    i.LL_TIM_OC_EnablePreload                0x080009a0   Section        0  main.o(i.LL_TIM_OC_EnablePreload)
    LL_TIM_OC_EnablePreload                  0x080009a1   Thumb Code    86  main.o(i.LL_TIM_OC_EnablePreload)
    i.LL_TIM_OC_SetCompareCH1                0x08000a00   Section        0  main.o(i.LL_TIM_OC_SetCompareCH1)
    LL_TIM_OC_SetCompareCH1                  0x08000a01   Thumb Code     4  main.o(i.LL_TIM_OC_SetCompareCH1)
    i.LL_TIM_OC_SetCompareCH4                0x08000a04   Section        0  main.o(i.LL_TIM_OC_SetCompareCH4)
    LL_TIM_OC_SetCompareCH4                  0x08000a05   Thumb Code     4  main.o(i.LL_TIM_OC_SetCompareCH4)
    i.LL_TIM_OC_SetMode                      0x08000a08   Section        0  main.o(i.LL_TIM_OC_SetMode)
    LL_TIM_OC_SetMode                        0x08000a09   Thumb Code    98  main.o(i.LL_TIM_OC_SetMode)
    i.LL_TIM_SetAutoReload                   0x08000a74   Section        0  main.o(i.LL_TIM_SetAutoReload)
    LL_TIM_SetAutoReload                     0x08000a75   Thumb Code     4  main.o(i.LL_TIM_SetAutoReload)
    i.LL_TIM_SetPrescaler                    0x08000a78   Section        0  main.o(i.LL_TIM_SetPrescaler)
    LL_TIM_SetPrescaler                      0x08000a79   Thumb Code     4  main.o(i.LL_TIM_SetPrescaler)
    i.LL_USART_ConfigCharacter               0x08000a7c   Section        0  main.o(i.LL_USART_ConfigCharacter)
    LL_USART_ConfigCharacter                 0x08000a7d   Thumb Code    28  main.o(i.LL_USART_ConfigCharacter)
    i.LL_USART_Disable                       0x08000a98   Section        0  main.o(i.LL_USART_Disable)
    LL_USART_Disable                         0x08000a99   Thumb Code    10  main.o(i.LL_USART_Disable)
    i.LL_USART_Enable                        0x08000aa2   Section        0  main.o(i.LL_USART_Enable)
    LL_USART_Enable                          0x08000aa3   Thumb Code    10  main.o(i.LL_USART_Enable)
    i.LL_USART_EnableIT_ERROR                0x08000aac   Section        0  main.o(i.LL_USART_EnableIT_ERROR)
    LL_USART_EnableIT_ERROR                  0x08000aad   Thumb Code    10  main.o(i.LL_USART_EnableIT_ERROR)
    i.LL_USART_EnableIT_RXNE                 0x08000ab6   Section        0  main.o(i.LL_USART_EnableIT_RXNE)
    LL_USART_EnableIT_RXNE                   0x08000ab7   Thumb Code    10  main.o(i.LL_USART_EnableIT_RXNE)
    i.LL_USART_IsActiveFlag_RXNE             0x08000ac0   Section        0  main.o(i.LL_USART_IsActiveFlag_RXNE)
    LL_USART_IsActiveFlag_RXNE               0x08000ac1   Thumb Code    10  main.o(i.LL_USART_IsActiveFlag_RXNE)
    i.LL_USART_IsEnabledIT_RXNE              0x08000aca   Section        0  main.o(i.LL_USART_IsEnabledIT_RXNE)
    LL_USART_IsEnabledIT_RXNE                0x08000acb   Thumb Code    10  main.o(i.LL_USART_IsEnabledIT_RXNE)
    i.LL_USART_SetBaudRate                   0x08000ad4   Section        0  main.o(i.LL_USART_SetBaudRate)
    LL_USART_SetBaudRate                     0x08000ad5   Thumb Code   322  main.o(i.LL_USART_SetBaudRate)
    i.LL_USART_SetTransferDirection          0x08000c16   Section        0  main.o(i.LL_USART_SetTransferDirection)
    LL_USART_SetTransferDirection            0x08000c17   Thumb Code    12  main.o(i.LL_USART_SetTransferDirection)
    i.LL_USART_TransmitData8                 0x08000c22   Section        0  main.o(i.LL_USART_TransmitData8)
    LL_USART_TransmitData8                   0x08000c23   Thumb Code     4  main.o(i.LL_USART_TransmitData8)
    i.LL_mDelay                              0x08000c26   Section        0  stm32f4xx_ll_utils.o(i.LL_mDelay)
    i.Left_Motor_Duty_Cycle                  0x08000c50   Section        0  main.o(i.Left_Motor_Duty_Cycle)
    i.MemManage_Handler                      0x08000ca0   Section        0  stm32f4xx_it.o(i.MemManage_Handler)
    i.Motor_Direction_bits                   0x08000ca4   Section        0  main.o(i.Motor_Direction_bits)
    i.Motor_Disable                          0x08000d08   Section        0  main.o(i.Motor_Disable)
    i.Motor_Enable                           0x08000d18   Section        0  main.o(i.Motor_Enable)
    i.Motor_Enable_Disable                   0x08000d28   Section        0  main.o(i.Motor_Enable_Disable)
    i.NMI_Handler                            0x08000d60   Section        0  stm32f4xx_it.o(i.NMI_Handler)
    i.PendSV_Handler                         0x08000d62   Section        0  stm32f4xx_it.o(i.PendSV_Handler)
    i.Right_Motor_Duty_Cycle                 0x08000d64   Section        0  main.o(i.Right_Motor_Duty_Cycle)
    i.Right_Speed_Decrement                  0x08000dc0   Section        0  main.o(i.Right_Speed_Decrement)
    i.Right_Speed_Increment                  0x08000dd0   Section        0  main.o(i.Right_Speed_Increment)
    i.SVC_Handler                            0x08000de0   Section        0  stm32f4xx_it.o(i.SVC_Handler)
    i.SysTick_Handler                        0x08000de2   Section        0  stm32f4xx_it.o(i.SysTick_Handler)
    i.SystemClock_Config                     0x08000de4   Section        0  main.o(i.SystemClock_Config)
    i.SystemInit                             0x08000f24   Section        0  system_stm32f4xx.o(i.SystemInit)
    i.TIM2_IRQHandler                        0x08000f88   Section        0  main.o(i.TIM2_IRQHandler)
    i.TIM3_IRQHandler                        0x08000fc8   Section        0  main.o(i.TIM3_IRQHandler)
    i.USART1_IRQHandler                      0x08001008   Section        0  main.o(i.USART1_IRQHandler)
    i.USART2_IRQHandler                      0x08001308   Section        0  main.o(i.USART2_IRQHandler)
    i.USART6_IRQHandler                      0x0800134c   Section        0  main.o(i.USART6_IRQHandler)
    i.UsageFault_Handler                     0x0800142c   Section        0  stm32f4xx_it.o(i.UsageFault_Handler)
    i.UserButton_Init                        0x08001430   Section        0  main.o(i.UserButton_Init)
    i.__NVIC_EnableIRQ                       0x080014c8   Section        0  main.o(i.__NVIC_EnableIRQ)
    __NVIC_EnableIRQ                         0x080014c9   Thumb Code    26  main.o(i.__NVIC_EnableIRQ)
    i.__NVIC_SetPriority                     0x080014e4   Section        0  main.o(i.__NVIC_SetPriority)
    __NVIC_SetPriority                       0x080014e5   Thumb Code    32  main.o(i.__NVIC_SetPriority)
    i.main                                   0x0800150c   Section        0  main.o(i.main)
    x$fpl$ddiv                               0x08001560   Section      688  ddiv.o(x$fpl$ddiv)
    $v0                                      0x08001560   Number         0  ddiv.o(x$fpl$ddiv)
    ddiv_entry                               0x08001567   Thumb Code     0  ddiv.o(x$fpl$ddiv)
    x$fpl$dfix                               0x08001810   Section       94  dfix.o(x$fpl$dfix)
    $v0                                      0x08001810   Number         0  dfix.o(x$fpl$dfix)
    x$fpl$dflt                               0x0800186e   Section       46  dflt_clz.o(x$fpl$dflt)
    $v0                                      0x0800186e   Number         0  dflt_clz.o(x$fpl$dflt)
    x$fpl$dmul                               0x0800189c   Section      340  dmul.o(x$fpl$dmul)
    $v0                                      0x0800189c   Number         0  dmul.o(x$fpl$dmul)
    x$fpl$dnaninf                            0x080019f0   Section      156  dnaninf.o(x$fpl$dnaninf)
    $v0                                      0x080019f0   Number         0  dnaninf.o(x$fpl$dnaninf)
    x$fpl$dretinf                            0x08001a8c   Section       12  dretinf.o(x$fpl$dretinf)
    $v0                                      0x08001a8c   Number         0  dretinf.o(x$fpl$dretinf)
    x$fpl$f2d                                0x08001a98   Section       86  f2d.o(x$fpl$f2d)
    $v0                                      0x08001a98   Number         0  f2d.o(x$fpl$f2d)
    x$fpl$fnaninf                            0x08001aee   Section      140  fnaninf.o(x$fpl$fnaninf)
    $v0                                      0x08001aee   Number         0  fnaninf.o(x$fpl$fnaninf)
    x$fpl$fpinit                             0x08001b7a   Section       10  fpinit.o(x$fpl$fpinit)
    $v0                                      0x08001b7a   Number         0  fpinit.o(x$fpl$fpinit)
    .constdata                               0x08001b84   Section       43  main.o(.constdata)
    x$fpl$usenofp                            0x08001b84   Section        0  usenofp.o(x$fpl$usenofp)
    STREAM_OFFSET_TAB                        0x08001b84   Data           8  main.o(.constdata)
    OFFSET_TAB_CCMRx                         0x08001b8c   Data           7  main.o(.constdata)
    SHIFT_TAB_OCxx                           0x08001b93   Data           7  main.o(.constdata)
    SHIFT_TAB_ICxx                           0x08001b9a   Data           7  main.o(.constdata)
    SHIFT_TAB_CCxP                           0x08001ba1   Data           7  main.o(.constdata)
    SHIFT_TAB_OISx                           0x08001ba8   Data           7  main.o(.constdata)
    .data                                    0x20000000   Section        4  system_stm32f4xx.o(.data)
    .data                                    0x20000004   Section      172  main.o(.data)
    aDutyCycle                               0x20000078   Data          44  main.o(.data)
    .bss                                     0x200000b0   Section     1000  main.o(.bss)
    .bss                                     0x20000498   Section       96  libspace.o(.bss)
    HEAP                                     0x200004f8   Section      512  startup_stm32f401xe.o(HEAP)
    Heap_Mem                                 0x200004f8   Data         512  startup_stm32f401xe.o(HEAP)
    STACK                                    0x200006f8   Section     1024  startup_stm32f401xe.o(STACK)
    Stack_Mem                                0x200006f8   Data        1024  startup_stm32f401xe.o(STACK)
    __initial_sp                             0x20000af8   Data           0  startup_stm32f401xe.o(STACK)

    Global Symbols

    Symbol Name                              Value     Ov Type        Size  Object(Section)

    BuildAttributes$$THM_ISAv4$E$P$D$K$B$S$7EM$VFPi3$EXTD16$VFPS$VFMA$PE$A:L22UL41UL21$X:L11$S22US41US21$IEEE1$IW$USESV6$~STKCKD$USESV7$~SHL$OSPACE$ROPI$EBA8$UX$STANDARDLIB$REQ8$PRES8$EABIv2 0x00000000   Number         0  anon$$obj.o ABSOLUTE
    __ARM_use_no_argv                        0x00000000   Number         0  main.o ABSOLUTE
    __ARM_exceptions_init                     - Undefined Weak Reference
    __alloca_initialize                       - Undefined Weak Reference
    __arm_preinit_                            - Undefined Weak Reference
    __cpp_initialize__aeabi_                  - Undefined Weak Reference
    __cxa_finalize                            - Undefined Weak Reference
    __rt_locale                               - Undefined Weak Reference
    __sigvec_lookup                           - Undefined Weak Reference
    _atexit_init                              - Undefined Weak Reference
    _call_atexit_fns                          - Undefined Weak Reference
    _clock_init                               - Undefined Weak Reference
    _fp_trap_init                             - Undefined Weak Reference
    _fp_trap_shutdown                         - Undefined Weak Reference
    _get_lc_collate                           - Undefined Weak Reference
    _get_lc_ctype                             - Undefined Weak Reference
    _get_lc_monetary                          - Undefined Weak Reference
    _get_lc_numeric                           - Undefined Weak Reference
    _get_lc_time                              - Undefined Weak Reference
    _getenv_init                              - Undefined Weak Reference
    _handle_redirection                       - Undefined Weak Reference
    _init_alloc                               - Undefined Weak Reference
    _init_user_alloc                          - Undefined Weak Reference
    _initio                                   - Undefined Weak Reference
    _rand_init                                - Undefined Weak Reference
    _signal_finish                            - Undefined Weak Reference
    _signal_init                              - Undefined Weak Reference
    _terminate_alloc                          - Undefined Weak Reference
    _terminate_user_alloc                     - Undefined Weak Reference
    _terminateio                              - Undefined Weak Reference
    __Vectors_Size                           0x00000194   Number         0  startup_stm32f401xe.o ABSOLUTE
    __Vectors                                0x08000000   Data           4  startup_stm32f401xe.o(RESET)
    __Vectors_End                            0x08000194   Data           0  startup_stm32f401xe.o(RESET)
    __main                                   0x08000195   Thumb Code     8  __main.o(!!!main)
    __scatterload                            0x0800019d   Thumb Code     0  __scatter.o(!!!scatter)
    __scatterload_rt2                        0x0800019d   Thumb Code    44  __scatter.o(!!!scatter)
    __scatterload_rt2_thumb_only             0x0800019d   Thumb Code     0  __scatter.o(!!!scatter)
    __scatterload_null                       0x080001ab   Thumb Code     0  __scatter.o(!!!scatter)
    __scatterload_copy                       0x080001d1   Thumb Code    26  __scatter_copy.o(!!handler_copy)
    __scatterload_zeroinit                   0x080001ed   Thumb Code    28  __scatter_zi.o(!!handler_zi)
    __rt_lib_init                            0x08000209   Thumb Code     0  libinit.o(.ARM.Collect$$libinit$$00000000)
    __rt_lib_init_fp_1                       0x0800020b   Thumb Code     0  libinit2.o(.ARM.Collect$$libinit$$00000001)
    __rt_lib_init_alloca_1                   0x0800020f   Thumb Code     0  libinit2.o(.ARM.Collect$$libinit$$0000002E)
    __rt_lib_init_argv_1                     0x0800020f   Thumb Code     0  libinit2.o(.ARM.Collect$$libinit$$0000002C)
    __rt_lib_init_atexit_1                   0x0800020f   Thumb Code     0  libinit2.o(.ARM.Collect$$libinit$$0000001B)
    __rt_lib_init_clock_1                    0x0800020f   Thumb Code     0  libinit2.o(.ARM.Collect$$libinit$$00000021)
    __rt_lib_init_cpp_1                      0x0800020f   Thumb Code     0  libinit2.o(.ARM.Collect$$libinit$$00000032)
    __rt_lib_init_exceptions_1               0x0800020f   Thumb Code     0  libinit2.o(.ARM.Collect$$libinit$$00000030)
    __rt_lib_init_fp_trap_1                  0x0800020f   Thumb Code     0  libinit2.o(.ARM.Collect$$libinit$$0000001F)
    __rt_lib_init_getenv_1                   0x0800020f   Thumb Code     0  libinit2.o(.ARM.Collect$$libinit$$00000023)
    __rt_lib_init_heap_1                     0x0800020f   Thumb Code     0  libinit2.o(.ARM.Collect$$libinit$$0000000A)
    __rt_lib_init_lc_collate_1               0x0800020f   Thumb Code     0  libinit2.o(.ARM.Collect$$libinit$$00000011)
    __rt_lib_init_lc_ctype_1                 0x0800020f   Thumb Code     0  libinit2.o(.ARM.Collect$$libinit$$00000013)
    __rt_lib_init_lc_monetary_1              0x0800020f   Thumb Code     0  libinit2.o(.ARM.Collect$$libinit$$00000015)
    __rt_lib_init_lc_numeric_1               0x0800020f   Thumb Code     0  libinit2.o(.ARM.Collect$$libinit$$00000017)
    __rt_lib_init_lc_time_1                  0x0800020f   Thumb Code     0  libinit2.o(.ARM.Collect$$libinit$$00000019)
    __rt_lib_init_preinit_1                  0x0800020f   Thumb Code     0  libinit2.o(.ARM.Collect$$libinit$$00000004)
    __rt_lib_init_rand_1                     0x0800020f   Thumb Code     0  libinit2.o(.ARM.Collect$$libinit$$0000000E)
    __rt_lib_init_return                     0x0800020f   Thumb Code     0  libinit2.o(.ARM.Collect$$libinit$$00000033)
    __rt_lib_init_signal_1                   0x0800020f   Thumb Code     0  libinit2.o(.ARM.Collect$$libinit$$0000001D)
    __rt_lib_init_stdio_1                    0x0800020f   Thumb Code     0  libinit2.o(.ARM.Collect$$libinit$$00000025)
    __rt_lib_init_user_alloc_1               0x0800020f   Thumb Code     0  libinit2.o(.ARM.Collect$$libinit$$0000000C)
    __rt_lib_shutdown                        0x08000211   Thumb Code     0  libshutdown.o(.ARM.Collect$$libshutdown$$00000000)
    __rt_lib_shutdown_cpp_1                  0x08000213   Thumb Code     0  libshutdown2.o(.ARM.Collect$$libshutdown$$00000002)
    __rt_lib_shutdown_fp_trap_1              0x08000213   Thumb Code     0  libshutdown2.o(.ARM.Collect$$libshutdown$$00000007)
    __rt_lib_shutdown_heap_1                 0x08000213   Thumb Code     0  libshutdown2.o(.ARM.Collect$$libshutdown$$0000000F)
    __rt_lib_shutdown_return                 0x08000213   Thumb Code     0  libshutdown2.o(.ARM.Collect$$libshutdown$$00000010)
    __rt_lib_shutdown_signal_1               0x08000213   Thumb Code     0  libshutdown2.o(.ARM.Collect$$libshutdown$$0000000A)
    __rt_lib_shutdown_stdio_1                0x08000213   Thumb Code     0  libshutdown2.o(.ARM.Collect$$libshutdown$$00000004)
    __rt_lib_shutdown_user_alloc_1           0x08000213   Thumb Code     0  libshutdown2.o(.ARM.Collect$$libshutdown$$0000000C)
    __rt_entry                               0x08000215   Thumb Code     0  __rtentry.o(.ARM.Collect$$rtentry$$00000000)
    __rt_entry_presh_1                       0x08000215   Thumb Code     0  __rtentry2.o(.ARM.Collect$$rtentry$$00000002)
    __rt_entry_sh                            0x08000215   Thumb Code     0  __rtentry4.o(.ARM.Collect$$rtentry$$00000004)
    __rt_entry_li                            0x0800021b   Thumb Code     0  __rtentry2.o(.ARM.Collect$$rtentry$$0000000A)
    __rt_entry_postsh_1                      0x0800021b   Thumb Code     0  __rtentry2.o(.ARM.Collect$$rtentry$$00000009)
    __rt_entry_main                          0x0800021f   Thumb Code     0  __rtentry2.o(.ARM.Collect$$rtentry$$0000000D)
    __rt_entry_postli_1                      0x0800021f   Thumb Code     0  __rtentry2.o(.ARM.Collect$$rtentry$$0000000C)
    __rt_exit                                0x08000227   Thumb Code     0  rtexit.o(.ARM.Collect$$rtexit$$00000000)
    __rt_exit_ls                             0x08000229   Thumb Code     0  rtexit2.o(.ARM.Collect$$rtexit$$00000003)
    __rt_exit_prels_1                        0x08000229   Thumb Code     0  rtexit2.o(.ARM.Collect$$rtexit$$00000002)
    __rt_exit_exit                           0x0800022d   Thumb Code     0  rtexit2.o(.ARM.Collect$$rtexit$$00000004)
    Reset_Handler                            0x08000235   Thumb Code     8  startup_stm32f401xe.o(.text)
    ADC_IRQHandler                           0x0800024f   Thumb Code     0  startup_stm32f401xe.o(.text)
    DMA1_Stream0_IRQHandler                  0x0800024f   Thumb Code     0  startup_stm32f401xe.o(.text)
    DMA1_Stream1_IRQHandler                  0x0800024f   Thumb Code     0  startup_stm32f401xe.o(.text)
    DMA1_Stream2_IRQHandler                  0x0800024f   Thumb Code     0  startup_stm32f401xe.o(.text)
    DMA1_Stream3_IRQHandler                  0x0800024f   Thumb Code     0  startup_stm32f401xe.o(.text)
    DMA1_Stream4_IRQHandler                  0x0800024f   Thumb Code     0  startup_stm32f401xe.o(.text)
    DMA1_Stream5_IRQHandler                  0x0800024f   Thumb Code     0  startup_stm32f401xe.o(.text)
    DMA1_Stream6_IRQHandler                  0x0800024f   Thumb Code     0  startup_stm32f401xe.o(.text)
    DMA1_Stream7_IRQHandler                  0x0800024f   Thumb Code     0  startup_stm32f401xe.o(.text)
    DMA2_Stream0_IRQHandler                  0x0800024f   Thumb Code     0  startup_stm32f401xe.o(.text)
    DMA2_Stream1_IRQHandler                  0x0800024f   Thumb Code     0  startup_stm32f401xe.o(.text)
    DMA2_Stream2_IRQHandler                  0x0800024f   Thumb Code     0  startup_stm32f401xe.o(.text)
    DMA2_Stream3_IRQHandler                  0x0800024f   Thumb Code     0  startup_stm32f401xe.o(.text)
    DMA2_Stream4_IRQHandler                  0x0800024f   Thumb Code     0  startup_stm32f401xe.o(.text)
    DMA2_Stream5_IRQHandler                  0x0800024f   Thumb Code     0  startup_stm32f401xe.o(.text)
    DMA2_Stream6_IRQHandler                  0x0800024f   Thumb Code     0  startup_stm32f401xe.o(.text)
    DMA2_Stream7_IRQHandler                  0x0800024f   Thumb Code     0  startup_stm32f401xe.o(.text)
    EXTI0_IRQHandler                         0x0800024f   Thumb Code     0  startup_stm32f401xe.o(.text)
    EXTI15_10_IRQHandler                     0x0800024f   Thumb Code     0  startup_stm32f401xe.o(.text)
    EXTI1_IRQHandler                         0x0800024f   Thumb Code     0  startup_stm32f401xe.o(.text)
    EXTI2_IRQHandler                         0x0800024f   Thumb Code     0  startup_stm32f401xe.o(.text)
    EXTI3_IRQHandler                         0x0800024f   Thumb Code     0  startup_stm32f401xe.o(.text)
    EXTI4_IRQHandler                         0x0800024f   Thumb Code     0  startup_stm32f401xe.o(.text)
    EXTI9_5_IRQHandler                       0x0800024f   Thumb Code     0  startup_stm32f401xe.o(.text)
    FLASH_IRQHandler                         0x0800024f   Thumb Code     0  startup_stm32f401xe.o(.text)
    FPU_IRQHandler                           0x0800024f   Thumb Code     0  startup_stm32f401xe.o(.text)
    I2C1_ER_IRQHandler                       0x0800024f   Thumb Code     0  startup_stm32f401xe.o(.text)
    I2C1_EV_IRQHandler                       0x0800024f   Thumb Code     0  startup_stm32f401xe.o(.text)
    I2C2_ER_IRQHandler                       0x0800024f   Thumb Code     0  startup_stm32f401xe.o(.text)
    I2C2_EV_IRQHandler                       0x0800024f   Thumb Code     0  startup_stm32f401xe.o(.text)
    I2C3_ER_IRQHandler                       0x0800024f   Thumb Code     0  startup_stm32f401xe.o(.text)
    I2C3_EV_IRQHandler                       0x0800024f   Thumb Code     0  startup_stm32f401xe.o(.text)
    OTG_FS_IRQHandler                        0x0800024f   Thumb Code     0  startup_stm32f401xe.o(.text)
    OTG_FS_WKUP_IRQHandler                   0x0800024f   Thumb Code     0  startup_stm32f401xe.o(.text)
    PVD_IRQHandler                           0x0800024f   Thumb Code     0  startup_stm32f401xe.o(.text)
    RCC_IRQHandler                           0x0800024f   Thumb Code     0  startup_stm32f401xe.o(.text)
    RTC_Alarm_IRQHandler                     0x0800024f   Thumb Code     0  startup_stm32f401xe.o(.text)
    RTC_WKUP_IRQHandler                      0x0800024f   Thumb Code     0  startup_stm32f401xe.o(.text)
    SDIO_IRQHandler                          0x0800024f   Thumb Code     0  startup_stm32f401xe.o(.text)
    SPI1_IRQHandler                          0x0800024f   Thumb Code     0  startup_stm32f401xe.o(.text)
    SPI2_IRQHandler                          0x0800024f   Thumb Code     0  startup_stm32f401xe.o(.text)
    SPI3_IRQHandler                          0x0800024f   Thumb Code     0  startup_stm32f401xe.o(.text)
    SPI4_IRQHandler                          0x0800024f   Thumb Code     0  startup_stm32f401xe.o(.text)
    TAMP_STAMP_IRQHandler                    0x0800024f   Thumb Code     0  startup_stm32f401xe.o(.text)
    TIM1_BRK_TIM9_IRQHandler                 0x0800024f   Thumb Code     0  startup_stm32f401xe.o(.text)
    TIM1_CC_IRQHandler                       0x0800024f   Thumb Code     0  startup_stm32f401xe.o(.text)
    TIM1_TRG_COM_TIM11_IRQHandler            0x0800024f   Thumb Code     0  startup_stm32f401xe.o(.text)
    TIM1_UP_TIM10_IRQHandler                 0x0800024f   Thumb Code     0  startup_stm32f401xe.o(.text)
    TIM4_IRQHandler                          0x0800024f   Thumb Code     0  startup_stm32f401xe.o(.text)
    TIM5_IRQHandler                          0x0800024f   Thumb Code     0  startup_stm32f401xe.o(.text)
    WWDG_IRQHandler                          0x0800024f   Thumb Code     0  startup_stm32f401xe.o(.text)
    __user_initial_stackheap                 0x08000251   Thumb Code     0  startup_stm32f401xe.o(.text)
    __use_two_region_memory                  0x08000275   Thumb Code     2  heapauxi.o(.text)
    __rt_heap_escrow$2region                 0x08000277   Thumb Code     2  heapauxi.o(.text)
    __rt_heap_expand$2region                 0x08000279   Thumb Code     2  heapauxi.o(.text)
    __user_setup_stackheap                   0x0800027b   Thumb Code    74  sys_stackheap_outer.o(.text)
    exit                                     0x080002c5   Thumb Code    18  exit.o(.text)
    __user_libspace                          0x080002d9   Thumb Code     8  libspace.o(.text)
    __user_perproc_libspace                  0x080002d9   Thumb Code     0  libspace.o(.text)
    __user_perthread_libspace                0x080002d9   Thumb Code     0  libspace.o(.text)
    _sys_exit                                0x080002e1   Thumb Code     8  sys_exit.o(.text)
    __I$use$semihosting                      0x080002ed   Thumb Code     0  use_no_semi.o(.text)
    __use_no_semihosting_swi                 0x080002ed   Thumb Code     2  use_no_semi.o(.text)
    BusFault_Handler                         0x080002ef   Thumb Code     4  stm32f4xx_it.o(i.BusFault_Handler)
    __semihosting_library_function           0x080002ef   Thumb Code     0  indicate_semi.o(.text)
    Configure_PB2                            0x080002f5   Thumb Code    52  main.o(i.Configure_PB2)
    Configure_Timer2                         0x0800032d   Thumb Code   290  main.o(i.Configure_Timer2)
    Configure_Timer4                         0x0800045d   Thumb Code   272  main.o(i.Configure_Timer4)
    Configure_USART1                         0x0800057d   Thumb Code   190  main.o(i.Configure_USART1)
    Configure_USART2                         0x08000649   Thumb Code   194  main.o(i.Configure_USART2)
    Configure_USART6                         0x08000719   Thumb Code   196  main.o(i.Configure_USART6)
    DebugMon_Handler                         0x080007e9   Thumb Code     2  stm32f4xx_it.o(i.DebugMon_Handler)
    Green_LED_On                             0x080007ed   Thumb Code    30  main.o(i.Green_LED_On)
    HardFault_Handler                        0x08000819   Thumb Code     4  stm32f4xx_it.o(i.HardFault_Handler)
    LED_Init                                 0x0800081d   Thumb Code    20  main.o(i.LED_Init)
    LL_mDelay                                0x08000c27   Thumb Code    40  stm32f4xx_ll_utils.o(i.LL_mDelay)
    Left_Motor_Duty_Cycle                    0x08000c51   Thumb Code    76  main.o(i.Left_Motor_Duty_Cycle)
    MemManage_Handler                        0x08000ca1   Thumb Code     4  stm32f4xx_it.o(i.MemManage_Handler)
    Motor_Direction_bits                     0x08000ca5   Thumb Code    94  main.o(i.Motor_Direction_bits)
    Motor_Disable                            0x08000d09   Thumb Code    12  main.o(i.Motor_Disable)
    Motor_Enable                             0x08000d19   Thumb Code    12  main.o(i.Motor_Enable)
    Motor_Enable_Disable                     0x08000d29   Thumb Code    50  main.o(i.Motor_Enable_Disable)
    NMI_Handler                              0x08000d61   Thumb Code     2  stm32f4xx_it.o(i.NMI_Handler)
    PendSV_Handler                           0x08000d63   Thumb Code     2  stm32f4xx_it.o(i.PendSV_Handler)
    Right_Motor_Duty_Cycle                   0x08000d65   Thumb Code    84  main.o(i.Right_Motor_Duty_Cycle)
    Right_Speed_Decrement                    0x08000dc1   Thumb Code    12  main.o(i.Right_Speed_Decrement)
    Right_Speed_Increment                    0x08000dd1   Thumb Code    12  main.o(i.Right_Speed_Increment)
    SVC_Handler                              0x08000de1   Thumb Code     2  stm32f4xx_it.o(i.SVC_Handler)
    SysTick_Handler                          0x08000de3   Thumb Code     2  stm32f4xx_it.o(i.SysTick_Handler)
    SystemClock_Config                       0x08000de5   Thumb Code   294  main.o(i.SystemClock_Config)
    SystemInit                               0x08000f25   Thumb Code    82  system_stm32f4xx.o(i.SystemInit)
    TIM2_IRQHandler                          0x08000f89   Thumb Code    58  main.o(i.TIM2_IRQHandler)
    TIM3_IRQHandler                          0x08000fc9   Thumb Code    56  main.o(i.TIM3_IRQHandler)
    USART1_IRQHandler                        0x08001009   Thumb Code   672  main.o(i.USART1_IRQHandler)
    USART2_IRQHandler                        0x08001309   Thumb Code    60  main.o(i.USART2_IRQHandler)
    USART6_IRQHandler                        0x0800134d   Thumb Code   202  main.o(i.USART6_IRQHandler)
    UsageFault_Handler                       0x0800142d   Thumb Code     4  stm32f4xx_it.o(i.UsageFault_Handler)
    UserButton_Init                          0x08001431   Thumb Code   134  main.o(i.UserButton_Init)
    main                                     0x0800150d   Thumb Code    76  main.o(i.main)
    __aeabi_ddiv                             0x08001561   Thumb Code     0  ddiv.o(x$fpl$ddiv)
    _ddiv                                    0x08001561   Thumb Code   552  ddiv.o(x$fpl$ddiv)
    __aeabi_d2iz                             0x08001811   Thumb Code     0  dfix.o(x$fpl$dfix)
    _dfix                                    0x08001811   Thumb Code    94  dfix.o(x$fpl$dfix)
    __aeabi_i2d                              0x0800186f   Thumb Code     0  dflt_clz.o(x$fpl$dflt)
    _dflt                                    0x0800186f   Thumb Code    46  dflt_clz.o(x$fpl$dflt)
    __aeabi_dmul                             0x0800189d   Thumb Code     0  dmul.o(x$fpl$dmul)
    _dmul                                    0x0800189d   Thumb Code   332  dmul.o(x$fpl$dmul)
    __fpl_dnaninf                            0x080019f1   Thumb Code   156  dnaninf.o(x$fpl$dnaninf)
    __fpl_dretinf                            0x08001a8d   Thumb Code    12  dretinf.o(x$fpl$dretinf)
    __aeabi_f2d                              0x08001a99   Thumb Code     0  f2d.o(x$fpl$f2d)
    _f2d                                     0x08001a99   Thumb Code    86  f2d.o(x$fpl$f2d)
    __fpl_fnaninf                            0x08001aef   Thumb Code   140  fnaninf.o(x$fpl$fnaninf)
    _fp_init                                 0x08001b7b   Thumb Code    10  fpinit.o(x$fpl$fpinit)
    __fplib_config_fpu_vfp                   0x08001b83   Thumb Code     0  fpinit.o(x$fpl$fpinit)
    __fplib_config_pureend_doubles           0x08001b83   Thumb Code     0  fpinit.o(x$fpl$fpinit)
    __I$use$fp                               0x08001b84   Number         0  usenofp.o(x$fpl$usenofp)
    Region$$Table$$Base                      0x08001bb0   Number         0  anon$$obj.o(Region$$Table)
    Region$$Table$$Limit                     0x08001bd0   Number         0  anon$$obj.o(Region$$Table)
    SystemCoreClock                          0x20000000   Data           4  system_stm32f4xx.o(.data)
    uart6_buffer_counter                     0x20000004   Data           4  main.o(.data)
    duty_Cycle                               0x20000008   Data           4  main.o(.data)
    Right_duty_Cycle                         0x2000000c   Data           4  main.o(.data)
    Left_duty_Cycle                          0x20000010   Data           4  main.o(.data)
    current_buffer_value                     0x20000014   Data           4  main.o(.data)
    Left_Direction                           0x20000018   Data           1  main.o(.data)
    Right_Direction                          0x20000019   Data           1  main.o(.data)
    Left_Encoder_RPM                         0x2000001c   Data           4  main.o(.data)
    Right_Encoder_RPM                        0x20000020   Data           4  main.o(.data)
    flag                                     0x20000024   Data           1  main.o(.data)
    left_power_difference                    0x20000028   Data           4  main.o(.data)
    new_right_power_difference               0x2000002c   Data           4  main.o(.data)
    old_right_power_difference               0x20000030   Data           4  main.o(.data)
    right_derivative                         0x20000034   Data           4  main.o(.data)
    right_kd                                 0x20000038   Data           4  main.o(.data)
    right_proportional                       0x2000003c   Data           4  main.o(.data)
    right_integral                           0x20000040   Data           4  main.o(.data)
    right_ki                                 0x20000044   Data           4  main.o(.data)
    Left_Speed                               0x20000048   Data           4  main.o(.data)
    Right_Speed                              0x2000004c   Data           4  main.o(.data)
    counter                                  0x20000050   Data           4  main.o(.data)
    flag_left_byte                           0x20000054   Data           1  main.o(.data)
    flag_right_byte                          0x20000055   Data           1  main.o(.data)
    Left_byte                                0x20000058   Data           4  main.o(.data)
    Right_byte                               0x2000005c   Data           4  main.o(.data)
    kp                                       0x20000060   Data           4  main.o(.data)
    kd                                       0x20000064   Data           4  main.o(.data)
    derivative                               0x20000068   Data           4  main.o(.data)
    previous_power_differnce                 0x2000006c   Data           4  main.o(.data)
    factor                                   0x20000070   Data           4  main.o(.data)
    offset                                   0x20000074   Data           4  main.o(.data)
    iDutyCycle                               0x200000a4   Data           1  main.o(.data)
    uwMeasuredDutyCycle                      0x200000a8   Data           4  main.o(.data)
    TimOutClock                              0x200000ac   Data           4  main.o(.data)
    uart6_buffer                             0x200000b0   Data        1000  main.o(.bss)
    __libspace_start                         0x20000498   Data          96  libspace.o(.bss)
    __temporary_stack_top$libspace           0x200004f8   Data           0  libspace.o(.bss)



==============================================================================

Memory Map of the image

  Image Entry point : 0x08000195

  Load Region LR_IROM1 (Base: 0x08000000, Size: 0x00001c80, Max: 0x00080000, ABSOLUTE)

    Execution Region ER_IROM1 (Base: 0x08000000, Size: 0x00001bd0, Max: 0x00080000, ABSOLUTE)

    Base Addr    Size         Type   Attr      Idx    E Section Name        Object

    0x08000000   0x00000194   Data   RO          322    RESET               startup_stm32f401xe.o
    0x08000194   0x00000008   Code   RO          722  * !!!main             c_w.l(__main.o)
    0x0800019c   0x00000034   Code   RO          904    !!!scatter          c_w.l(__scatter.o)
    0x080001d0   0x0000001a   Code   RO          906    !!handler_copy      c_w.l(__scatter_copy.o)
    0x080001ea   0x00000002   PAD
    0x080001ec   0x0000001c   Code   RO          908    !!handler_zi        c_w.l(__scatter_zi.o)
    0x08000208   0x00000002   Code   RO          774    .ARM.Collect$$libinit$$00000000  c_w.l(libinit.o)
    0x0800020a   0x00000004   Code   RO          780    .ARM.Collect$$libinit$$00000001  c_w.l(libinit2.o)
    0x0800020e   0x00000000   Code   RO          783    .ARM.Collect$$libinit$$00000004  c_w.l(libinit2.o)
    0x0800020e   0x00000000   Code   RO          786    .ARM.Collect$$libinit$$0000000A  c_w.l(libinit2.o)
    0x0800020e   0x00000000   Code   RO          788    .ARM.Collect$$libinit$$0000000C  c_w.l(libinit2.o)
    0x0800020e   0x00000000   Code   RO          790    .ARM.Collect$$libinit$$0000000E  c_w.l(libinit2.o)
    0x0800020e   0x00000000   Code   RO          793    .ARM.Collect$$libinit$$00000011  c_w.l(libinit2.o)
    0x0800020e   0x00000000   Code   RO          795    .ARM.Collect$$libinit$$00000013  c_w.l(libinit2.o)
    0x0800020e   0x00000000   Code   RO          797    .ARM.Collect$$libinit$$00000015  c_w.l(libinit2.o)
    0x0800020e   0x00000000   Code   RO          799    .ARM.Collect$$libinit$$00000017  c_w.l(libinit2.o)
    0x0800020e   0x00000000   Code   RO          801    .ARM.Collect$$libinit$$00000019  c_w.l(libinit2.o)
    0x0800020e   0x00000000   Code   RO          803    .ARM.Collect$$libinit$$0000001B  c_w.l(libinit2.o)
    0x0800020e   0x00000000   Code   RO          805    .ARM.Collect$$libinit$$0000001D  c_w.l(libinit2.o)
    0x0800020e   0x00000000   Code   RO          807    .ARM.Collect$$libinit$$0000001F  c_w.l(libinit2.o)
    0x0800020e   0x00000000   Code   RO          809    .ARM.Collect$$libinit$$00000021  c_w.l(libinit2.o)
    0x0800020e   0x00000000   Code   RO          811    .ARM.Collect$$libinit$$00000023  c_w.l(libinit2.o)
    0x0800020e   0x00000000   Code   RO          813    .ARM.Collect$$libinit$$00000025  c_w.l(libinit2.o)
    0x0800020e   0x00000000   Code   RO          817    .ARM.Collect$$libinit$$0000002C  c_w.l(libinit2.o)
    0x0800020e   0x00000000   Code   RO          819    .ARM.Collect$$libinit$$0000002E  c_w.l(libinit2.o)
    0x0800020e   0x00000000   Code   RO          821    .ARM.Collect$$libinit$$00000030  c_w.l(libinit2.o)
    0x0800020e   0x00000000   Code   RO          823    .ARM.Collect$$libinit$$00000032  c_w.l(libinit2.o)
    0x0800020e   0x00000002   Code   RO          824    .ARM.Collect$$libinit$$00000033  c_w.l(libinit2.o)
    0x08000210   0x00000002   Code   RO          844    .ARM.Collect$$libshutdown$$00000000  c_w.l(libshutdown.o)
    0x08000212   0x00000000   Code   RO          857    .ARM.Collect$$libshutdown$$00000002  c_w.l(libshutdown2.o)
    0x08000212   0x00000000   Code   RO          859    .ARM.Collect$$libshutdown$$00000004  c_w.l(libshutdown2.o)
    0x08000212   0x00000000   Code   RO          862    .ARM.Collect$$libshutdown$$00000007  c_w.l(libshutdown2.o)
    0x08000212   0x00000000   Code   RO          865    .ARM.Collect$$libshutdown$$0000000A  c_w.l(libshutdown2.o)
    0x08000212   0x00000000   Code   RO          867    .ARM.Collect$$libshutdown$$0000000C  c_w.l(libshutdown2.o)
    0x08000212   0x00000000   Code   RO          870    .ARM.Collect$$libshutdown$$0000000F  c_w.l(libshutdown2.o)
    0x08000212   0x00000002   Code   RO          871    .ARM.Collect$$libshutdown$$00000010  c_w.l(libshutdown2.o)
    0x08000214   0x00000000   Code   RO          742    .ARM.Collect$$rtentry$$00000000  c_w.l(__rtentry.o)
    0x08000214   0x00000000   Code   RO          751    .ARM.Collect$$rtentry$$00000002  c_w.l(__rtentry2.o)
    0x08000214   0x00000006   Code   RO          763    .ARM.Collect$$rtentry$$00000004  c_w.l(__rtentry4.o)
    0x0800021a   0x00000000   Code   RO          753    .ARM.Collect$$rtentry$$00000009  c_w.l(__rtentry2.o)
    0x0800021a   0x00000004   Code   RO          754    .ARM.Collect$$rtentry$$0000000A  c_w.l(__rtentry2.o)
    0x0800021e   0x00000000   Code   RO          756    .ARM.Collect$$rtentry$$0000000C  c_w.l(__rtentry2.o)
    0x0800021e   0x00000008   Code   RO          757    .ARM.Collect$$rtentry$$0000000D  c_w.l(__rtentry2.o)
    0x08000226   0x00000002   Code   RO          778    .ARM.Collect$$rtexit$$00000000  c_w.l(rtexit.o)
    0x08000228   0x00000000   Code   RO          826    .ARM.Collect$$rtexit$$00000002  c_w.l(rtexit2.o)
    0x08000228   0x00000004   Code   RO          827    .ARM.Collect$$rtexit$$00000003  c_w.l(rtexit2.o)
    0x0800022c   0x00000006   Code   RO          828    .ARM.Collect$$rtexit$$00000004  c_w.l(rtexit2.o)
    0x08000232   0x00000002   PAD
    0x08000234   0x00000040   Code   RO          323    .text               startup_stm32f401xe.o
    0x08000274   0x00000006   Code   RO          720    .text               c_w.l(heapauxi.o)
    0x0800027a   0x0000004a   Code   RO          765    .text               c_w.l(sys_stackheap_outer.o)
    0x080002c4   0x00000012   Code   RO          767    .text               c_w.l(exit.o)
    0x080002d6   0x00000002   PAD
    0x080002d8   0x00000008   Code   RO          775    .text               c_w.l(libspace.o)
    0x080002e0   0x0000000c   Code   RO          836    .text               c_w.l(sys_exit.o)
    0x080002ec   0x00000002   Code   RO          847    .text               c_w.l(use_no_semi.o)
    0x080002ee   0x00000000   Code   RO          849    .text               c_w.l(indicate_semi.o)
    0x080002ee   0x00000004   Code   RO            4    i.BusFault_Handler  stm32f4xx_it.o
    0x080002f2   0x00000002   PAD
    0x080002f4   0x00000038   Code   RO          331    i.Configure_PB2     main.o
    0x0800032c   0x00000130   Code   RO          332    i.Configure_Timer2  main.o
    0x0800045c   0x00000120   Code   RO          333    i.Configure_Timer4  main.o
    0x0800057c   0x000000cc   Code   RO          334    i.Configure_USART1  main.o
    0x08000648   0x000000d0   Code   RO          335    i.Configure_USART2  main.o
    0x08000718   0x000000d0   Code   RO          336    i.Configure_USART6  main.o
    0x080007e8   0x00000002   Code   RO            5    i.DebugMon_Handler  stm32f4xx_it.o
    0x080007ea   0x00000002   PAD
    0x080007ec   0x0000002c   Code   RO          337    i.Green_LED_On      main.o
    0x08000818   0x00000004   Code   RO            6    i.HardFault_Handler  stm32f4xx_it.o
    0x0800081c   0x00000018   Code   RO          338    i.LED_Init          main.o
    0x08000834   0x0000001c   Code   RO          339    i.LL_AHB1_GRP1_EnableClock  main.o
    0x08000850   0x0000001c   Code   RO          340    i.LL_APB1_GRP1_EnableClock  main.o
    0x0800086c   0x0000001c   Code   RO          341    i.LL_APB2_GRP1_EnableClock  main.o
    0x08000888   0x00000006   Code   RO          342    i.LL_GPIO_ResetOutputPin  main.o
    0x0800088e   0x00000028   Code   RO          343    i.LL_GPIO_SetAFPin_0_7  main.o
    0x080008b6   0x0000002c   Code   RO          344    i.LL_GPIO_SetAFPin_8_15  main.o
    0x080008e2   0x00000004   Code   RO          345    i.LL_GPIO_SetOutputPin  main.o
    0x080008e6   0x00000028   Code   RO          346    i.LL_GPIO_SetPinMode  main.o
    0x0800090e   0x00000010   Code   RO          347    i.LL_GPIO_SetPinOutputType  main.o
    0x0800091e   0x00000028   Code   RO          348    i.LL_GPIO_SetPinPull  main.o
    0x08000946   0x00000028   Code   RO          349    i.LL_GPIO_SetPinSpeed  main.o
    0x0800096e   0x00000008   Code   RO          350    i.LL_TIM_CC_EnableChannel  main.o
    0x08000976   0x0000000a   Code   RO          351    i.LL_TIM_EnableARRPreload  main.o
    0x08000980   0x0000000a   Code   RO          352    i.LL_TIM_EnableCounter  main.o
    0x0800098a   0x0000000a   Code   RO          353    i.LL_TIM_GenerateEvent_UPDATE  main.o
    0x08000994   0x00000006   Code   RO          354    i.LL_TIM_GetAutoReload  main.o
    0x0800099a   0x00000006   Code   RO          355    i.LL_TIM_GetPrescaler  main.o
    0x080009a0   0x00000060   Code   RO          356    i.LL_TIM_OC_EnablePreload  main.o
    0x08000a00   0x00000004   Code   RO          357    i.LL_TIM_OC_SetCompareCH1  main.o
    0x08000a04   0x00000004   Code   RO          358    i.LL_TIM_OC_SetCompareCH4  main.o
    0x08000a08   0x0000006c   Code   RO          359    i.LL_TIM_OC_SetMode  main.o
    0x08000a74   0x00000004   Code   RO          360    i.LL_TIM_SetAutoReload  main.o
    0x08000a78   0x00000004   Code   RO          361    i.LL_TIM_SetPrescaler  main.o
    0x08000a7c   0x0000001c   Code   RO          362    i.LL_USART_ConfigCharacter  main.o
    0x08000a98   0x0000000a   Code   RO          363    i.LL_USART_Disable  main.o
    0x08000aa2   0x0000000a   Code   RO          364    i.LL_USART_Enable   main.o
    0x08000aac   0x0000000a   Code   RO          365    i.LL_USART_EnableIT_ERROR  main.o
    0x08000ab6   0x0000000a   Code   RO          366    i.LL_USART_EnableIT_RXNE  main.o
    0x08000ac0   0x0000000a   Code   RO          367    i.LL_USART_IsActiveFlag_RXNE  main.o
    0x08000aca   0x0000000a   Code   RO          368    i.LL_USART_IsEnabledIT_RXNE  main.o
    0x08000ad4   0x00000142   Code   RO          369    i.LL_USART_SetBaudRate  main.o
    0x08000c16   0x0000000c   Code   RO          370    i.LL_USART_SetTransferDirection  main.o
    0x08000c22   0x00000004   Code   RO          371    i.LL_USART_TransmitData8  main.o
    0x08000c26   0x00000028   Code   RO          184    i.LL_mDelay         stm32f4xx_ll_utils.o
    0x08000c4e   0x00000002   PAD
    0x08000c50   0x00000050   Code   RO          372    i.Left_Motor_Duty_Cycle  main.o
    0x08000ca0   0x00000004   Code   RO            7    i.MemManage_Handler  stm32f4xx_it.o
    0x08000ca4   0x00000064   Code   RO          373    i.Motor_Direction_bits  main.o
    0x08000d08   0x00000010   Code   RO          374    i.Motor_Disable     main.o
    0x08000d18   0x00000010   Code   RO          375    i.Motor_Enable      main.o
    0x08000d28   0x00000038   Code   RO          376    i.Motor_Enable_Disable  main.o
    0x08000d60   0x00000002   Code   RO            8    i.NMI_Handler       stm32f4xx_it.o
    0x08000d62   0x00000002   Code   RO            9    i.PendSV_Handler    stm32f4xx_it.o
    0x08000d64   0x0000005c   Code   RO          379    i.Right_Motor_Duty_Cycle  main.o
    0x08000dc0   0x00000010   Code   RO          380    i.Right_Speed_Decrement  main.o
    0x08000dd0   0x00000010   Code   RO          381    i.Right_Speed_Increment  main.o
    0x08000de0   0x00000002   Code   RO           10    i.SVC_Handler       stm32f4xx_it.o
    0x08000de2   0x00000002   Code   RO           11    i.SysTick_Handler   stm32f4xx_it.o
    0x08000de4   0x00000140   Code   RO          382    i.SystemClock_Config  main.o
    0x08000f24   0x00000064   Code   RO          277    i.SystemInit        system_stm32f4xx.o
    0x08000f88   0x00000040   Code   RO          383    i.TIM2_IRQHandler   main.o
    0x08000fc8   0x00000040   Code   RO          384    i.TIM3_IRQHandler   main.o
    0x08001008   0x00000300   Code   RO          385    i.USART1_IRQHandler  main.o
    0x08001308   0x00000044   Code   RO          386    i.USART2_IRQHandler  main.o
    0x0800134c   0x000000e0   Code   RO          387    i.USART6_IRQHandler  main.o
    0x0800142c   0x00000004   Code   RO           12    i.UsageFault_Handler  stm32f4xx_it.o
    0x08001430   0x00000098   Code   RO          389    i.UserButton_Init   main.o
    0x080014c8   0x0000001a   Code   RO          390    i.__NVIC_EnableIRQ  main.o
    0x080014e2   0x00000002   PAD
    0x080014e4   0x00000028   Code   RO          391    i.__NVIC_SetPriority  main.o
    0x0800150c   0x00000054   Code   RO          392    i.main              main.o
    0x08001560   0x000002b0   Code   RO          725    x$fpl$ddiv          fz_wm.l(ddiv.o)
    0x08001810   0x0000005e   Code   RO          728    x$fpl$dfix          fz_wm.l(dfix.o)
    0x0800186e   0x0000002e   Code   RO          733    x$fpl$dflt          fz_wm.l(dflt_clz.o)
    0x0800189c   0x00000154   Code   RO          738    x$fpl$dmul          fz_wm.l(dmul.o)
    0x080019f0   0x0000009c   Code   RO          743    x$fpl$dnaninf       fz_wm.l(dnaninf.o)
    0x08001a8c   0x0000000c   Code   RO          745    x$fpl$dretinf       fz_wm.l(dretinf.o)
    0x08001a98   0x00000056   Code   RO          740    x$fpl$f2d           fz_wm.l(f2d.o)
    0x08001aee   0x0000008c   Code   RO          747    x$fpl$fnaninf       fz_wm.l(fnaninf.o)
    0x08001b7a   0x0000000a   Code   RO          834    x$fpl$fpinit        fz_wm.l(fpinit.o)
    0x08001b84   0x00000000   Code   RO          749    x$fpl$usenofp       fz_wm.l(usenofp.o)
    0x08001b84   0x0000002b   Data   RO          394    .constdata          main.o
    0x08001baf   0x00000001   PAD
    0x08001bb0   0x00000020   Data   RO          902    Region$$Table       anon$$obj.o


    Execution Region RW_IRAM1 (Base: 0x20000000, Size: 0x00000af8, Max: 0x00018000, ABSOLUTE)

    Base Addr    Size         Type   Attr      Idx    E Section Name        Object

    0x20000000   0x00000004   Data   RW          279    .data               system_stm32f4xx.o
    0x20000004   0x000000ac   Data   RW          395    .data               main.o
    0x200000b0   0x000003e8   Zero   RW          393    .bss                main.o
    0x20000498   0x00000060   Zero   RW          776    .bss                c_w.l(libspace.o)
    0x200004f8   0x00000200   Zero   RW          321    HEAP                startup_stm32f401xe.o
    0x200006f8   0x00000400   Zero   RW          320    STACK               startup_stm32f401xe.o


==============================================================================

Image component sizes


      Code (inc. data)   RO Data    RW Data    ZI Data      Debug   Object Name

      4548        364         43        172       1000     142391   main.o
        64         26        404          0       1536        932   startup_stm32f401xe.o
        26          0          0          0          0     326638   stm32f4xx_it.o
        40          0          0          0          0       7652   stm32f4xx_ll_utils.o
       100         18          0          4          0       1491   system_stm32f4xx.o

    ----------------------------------------------------------------------
      4786        408        480        176       2536     479104   Object Totals
         0          0         32          0          0          0   (incl. Generated)
         8          0          1          0          0          0   (incl. Padding)

    ----------------------------------------------------------------------

      Code (inc. data)   RO Data    RW Data    ZI Data      Debug   Library Member Name

         8          0          0          0          0         68   __main.o
         0          0          0          0          0          0   __rtentry.o
        12          0          0          0          0          0   __rtentry2.o
         6          0          0          0          0          0   __rtentry4.o
        52          8          0          0          0          0   __scatter.o
        26          0          0          0          0          0   __scatter_copy.o
        28          0          0          0          0          0   __scatter_zi.o
        18          0          0          0          0         80   exit.o
         6          0          0          0          0        152   heapauxi.o
         0          0          0          0          0          0   indicate_semi.o
         2          0          0          0          0          0   libinit.o
         6          0          0          0          0          0   libinit2.o
         2          0          0          0          0          0   libshutdown.o
         2          0          0          0          0          0   libshutdown2.o
         8          4          0          0         96         68   libspace.o
         2          0          0          0          0          0   rtexit.o
        10          0          0          0          0          0   rtexit2.o
        12          4          0          0          0         68   sys_exit.o
        74          0          0          0          0         80   sys_stackheap_outer.o
         2          0          0          0          0         68   use_no_semi.o
       688        140          0          0          0        256   ddiv.o
        94          4          0          0          0        140   dfix.o
        46          0          0          0          0        116   dflt_clz.o
       340         12          0          0          0        152   dmul.o
       156          4          0          0          0        140   dnaninf.o
        12          0          0          0          0        116   dretinf.o
        86          4          0          0          0        132   f2d.o
       140          4          0          0          0        132   fnaninf.o
        10          0          0          0          0        116   fpinit.o
         0          0          0          0          0          0   usenofp.o

    ----------------------------------------------------------------------
      1854        184          0          0         96       1884   Library Totals
         6          0          0          0          0          0   (incl. Padding)

    ----------------------------------------------------------------------

      Code (inc. data)   RO Data    RW Data    ZI Data      Debug   Library Name

       276         16          0          0         96        584   c_w.l
      1572        168          0          0          0       1300   fz_wm.l

    ----------------------------------------------------------------------
      1854        184          0          0         96       1884   Library Totals

    ----------------------------------------------------------------------

==============================================================================


      Code (inc. data)   RO Data    RW Data    ZI Data      Debug   

      6640        592        480        176       2632     473432   Grand Totals
      6640        592        480        176       2632     473432   ELF Image Totals
      6640        592        480        176          0          0   ROM Totals

==============================================================================

    Total RO  Size (Code + RO Data)                 7120 (   6.95kB)
    Total RW  Size (RW Data + ZI Data)              2808 (   2.74kB)
    Total ROM Size (Code + RO Data + RW Data)       7296 (   7.13kB)

==============================================================================

